###############################################################################
#
# IAR ELF Linker V3.11.1.207 for STM8                     21/Nov/2019  09:34:11
# Copyright 2010-2019 IAR Systems AB.
#
#    Output file  =  D:\work\coding\nbalarm\code_lib\Debug\Exe\nbalarm.out
#    Map file     =  D:\work\coding\nbalarm\code_lib\Debug\List\nbalarm.map
#    Command line =  
#        -f C:\Users\long\AppData\Local\Temp\EW90BF.tmp
#        (D:\work\coding\nbalarm\code_lib\Debug\Obj\awu.o
#        D:\work\coding\nbalarm\code_lib\Debug\Obj\battery.o
#        D:\work\coding\nbalarm\code_lib\Debug\Obj\dtu.o
#        D:\work\coding\nbalarm\code_lib\Debug\Obj\main.o
#        D:\work\coding\nbalarm\code_lib\Debug\Obj\msg.o
#        D:\work\coding\nbalarm\code_lib\Debug\Obj\sensor.o
#        D:\work\coding\nbalarm\code_lib\Debug\Obj\speaker.o
#        D:\work\coding\nbalarm\code_lib\Debug\Obj\stm8s_adc1.o
#        D:\work\coding\nbalarm\code_lib\Debug\Obj\stm8s_awu.o
#        D:\work\coding\nbalarm\code_lib\Debug\Obj\stm8s_clk.o
#        D:\work\coding\nbalarm\code_lib\Debug\Obj\stm8s_exti.o
#        D:\work\coding\nbalarm\code_lib\Debug\Obj\stm8s_flash.o
#        D:\work\coding\nbalarm\code_lib\Debug\Obj\stm8s_gpio.o
#        D:\work\coding\nbalarm\code_lib\Debug\Obj\stm8s_it.o
#        D:\work\coding\nbalarm\code_lib\Debug\Obj\stm8s_tim1.o
#        D:\work\coding\nbalarm\code_lib\Debug\Obj\stm8s_uart1.o
#        D:\work\coding\nbalarm\code_lib\Debug\Obj\stm8s_wwdg.o
#        D:\work\coding\nbalarm\code_lib\Debug\Obj\test.o
#        D:\work\coding\nbalarm\code_lib\Debug\Obj\timer.o
#        D:\work\coding\nbalarm\code_lib\Debug\Obj\uart.o --redirect
#        _Printf=_PrintfTiny --redirect _Scanf=_ScanfSmallNoMb
#        --no_out_extension -o
#        D:\work\coding\nbalarm\code_lib\Debug\Exe\nbalarm.out --map
#        D:\work\coding\nbalarm\code_lib\Debug\List\nbalarm.map --config
#        "C:\Program Files (x86)\IAR Systems\Embedded Workbench
#        8.3\stm8\config\lnkstm8s003f3.icf" --config_def _CSTACK_SIZE=0x100
#        --config_def _HEAP_SIZE=0x100 --entry __iar_program_start --debug_lib)
#
###############################################################################

*******************************************************************************
*** RUNTIME MODEL ATTRIBUTES
***

__SystemLibrary            = DLib
__code_model               = small
__core                     = stm8
__data_model               = medium
__dlib_file_descriptor     = 0
__dlib_full_locale_support = 0
__rt_version               = 4


*******************************************************************************
*** PLACEMENT SUMMARY
***

"A0":  place at start of [0x000000-0x0000ff] { rw section .vregs };
"A1":  place at end of [0x000000-0x0003ff] { block CSTACK };
"P2":  place in [from 0x000000 to 0x0003ff] {
          block HEAP, rw section __DLIB_PERTHREAD, rw section .far.bss,
          rw section .far.data, rw section .far.noinit,
          rw section .far_func.textrw, rw section .huge.bss,
          rw section .huge.data, rw section .huge.noinit,
          rw section .huge_func.textrw, rw section .iar.dynexit,
          rw section .near.bss, rw section .near.data, rw section .near.noinit,
          rw section .near_func.textrw };
"A2":  place at start of [0x008000-0x009fff] { block INTVEC };
"P3":  place in [from 0x008000 to 0x009fff] {
          ro section __DLIB_PERTHREAD_init, ro section .far.data_init,
          ro section .far_func.textrw_init, ro section .huge.data_init,
          ro section .huge_func.textrw_init, ro section .iar.init_table,
          ro section .init_array, ro section .near.data_init,
          ro section .near.rodata, ro section .near_func.text,
          ro section .near_func.textrw_init, ro section .tiny.data_init,
          ro section .tiny.rodata_init };
"P4":  place in [from 0x008000 to 0x009fff] {
          ro section .far.rodata, ro section .far_func.text };
"P5":  place in [from 0x008000 to 0x009fff] {
          ro section .huge.rodata, ro section .huge_func.text };
do not initialize {
   rw section .eeprom.noinit, rw section .far.noinit, rw section .huge.noinit,
   rw section .near.noinit, rw section .tiny.noinit, rw section .vregs };
initialize by copy {
   rw section .far.bss, rw section .far.data, rw section .far_func.textrw,
   rw section .huge.bss, rw section .huge.data, rw section .huge_func.textrw,
   rw section .iar.dynexit, rw section .near.bss, rw section .near.data,
   rw section .near_func.textrw, rw section .tiny.bss, rw section .tiny.data,
   ro section .tiny.rodata };

No sections matched the following patterns:

  ro section .far.data_init          in "P3-P5"
  ro section .far.rodata             in "P3-P5"
  ro section .far_func.text          in "P3-P5"
  ro section .far_func.textrw_init   in "P3-P5"
  ro section .huge.data_init         in "P3-P5"
  ro section .huge.rodata            in "P3-P5"
  ro section .huge_func.text         in "P3-P5"
  ro section .huge_func.textrw_init  in "P3-P5"
  ro section .iar.init_table         in "P3-P5"
  ro section .init_array             in "P3-P5"
  ro section .near_func.textrw_init  in "P3-P5"
  ro section .tiny.data_init         in "P3-P5"
  ro section .tiny.rodata_init       in "P3-P5"
  ro section __DLIB_PERTHREAD_init   in "P3-P5"
  rw section .far.bss                in "P2"
  rw section .far.data               in "P2"
  rw section .far.noinit             in "P2"
  rw section .far_func.textrw        in "P2"
  rw section .huge.bss               in "P2"
  rw section .huge.data              in "P2"
  rw section .huge.noinit            in "P2"
  rw section .huge_func.textrw       in "P2"
  rw section .iar.dynexit            in "P2"
  rw section .near.noinit            in "P2"
  rw section .near_func.textrw       in "P2"
  rw section .tiny.bss               in "P1"
  rw section .tiny.data              in "P1"
  rw section .tiny.noinit            in "P1"
  rw section .tiny.rodata            in "P1"
  rw section __DLIB_PERTHREAD        in "P2"
  section .eeprom.data               in "P6-P8"
  section .eeprom.noinit             in "P6-P8"
  section .eeprom.rodata             in "P6-P8"


  Section            Kind      Address    Size  Object
  -------            ----      -------    ----  ------
"A0":                                     0x10
  .vregs             uninit   0x000000    0x10  vregs.o [4]
                            - 0x000010    0x10

"P2", part 1 of 2:                        0x3f
  P2-1                        0x000010    0x3f  <Init block>
    .near.data       inited   0x000010     0xc  main.o [1]
    .near.data       inited   0x00001c    0x30  main.o [1]
    .near.data       inited   0x00004c     0x3  sensor.o [1]
                            - 0x00004f    0x3f

"P2", part 2 of 2:                       0x1ab
  .near.bss          zero     0x00004f   0x118  msg.o [1]
  .near.bss          zero     0x000167    0x64  dtu.o [1]
  .near.bss          zero     0x0001cb    0x10  msg.o [1]
  .near.bss          zero     0x0001db     0xf  sensor.o [1]
  .near.bss          zero     0x0001ea     0x4  speaker.o [1]
  .near.bss          zero     0x0001ee     0x4  timer.o [1]
  .near.bss          zero     0x0001f2     0x1  awu.o [1]
  .near.bss          zero     0x0001f3     0x1  awu.o [1]
  .near.bss          zero     0x0001f4     0x1  main.o [1]
  .near.bss          zero     0x0001f5     0x1  msg.o [1]
  .near.bss          zero     0x0001f6     0x1  msg.o [1]
  .near.bss          zero     0x0001f7     0x1  speaker.o [1]
  .near.bss          zero     0x0001f8     0x1  stm8s_it.o [1]
  .near.bss          zero     0x0001f9     0x1  stm8s_it.o [1]
                            - 0x0001fa   0x1ab

"A1":                                    0x100
  CSTACK                      0x000300   0x100  <Block>
    CSTACK           uninit   0x000300   0x100  <Block tail>
                            - 0x000400   0x100

"A2":                                     0x80
  INTVEC                      0x008000    0x80  <Block>
    .intvec          const    0x008000    0x80  interrupt.o [4]
                            - 0x008080    0x80

"P3-P5":                                0x1ea6
  .near_func.text    ro code  0x008080   0x1b2  awu.o [1]
  .near_func.text    ro code  0x008232   0x197  xprintftiny.o [4]
  .near_func.text    ro code  0x0083c9   0x16a  long.o [4]
  .near_func.text    ro code  0x008533   0x151  vreg_util.o [4]
  .near_func.text    ro code  0x008684   0x134  stm8s_uart1.o [1]
  .near_func.text    ro code  0x0087b8   0x12b  stm8s_tim1.o [1]
  .near_func.text    ro code  0x0088e3   0x121  msg.o [1]
  .near_func.text    ro code  0x008a04   0x110  sensor.o [1]
  .near.rodata       const    0x008b14   0x108  msg.o [1]
  .near_func.text    ro code  0x008c1c    0xec  main.o [1]
  .near_func.text    ro code  0x008d08    0xe0  dtu.o [1]
  .near_func.text    ro code  0x008de8    0xc5  uart.o [1]
  .near_func.text    ro code  0x008ead    0xb6  dtu.o [1]
  .near_func.text    ro code  0x008f63    0x9e  stm8s_clk.o [1]
  .near_func.text    ro code  0x009001    0x8e  stm8s_gpio.o [1]
  .near_func.text    ro code  0x00908f    0x88  awu.o [1]
  .near_func.text    ro code  0x009117    0x7e  dtu.o [1]
  .near_func.text    ro code  0x009195    0x70  stm8s_adc1.o [1]
  .near_func.text    ro code  0x009205    0x6d  stm8s_exti.o [1]
  .near_func.text    ro code  0x009272    0x60  stm8s_awu.o [1]
  .near.rodata       const    0x0092d2    0x5b  msg.o [1]
  .near_func.text    ro code  0x00932d    0x59  strstr.o [4]
  .near_func.text    ro code  0x009386    0x58  stm8s_clk.o [1]
  .near_func.text    ro code  0x0093de    0x57  stm8s_clk.o [1]
  .near_func.text    ro code  0x009435    0x55  stm8s_adc1.o [1]
  .near_func.text    ro code  0x00948a    0x53  long_util.o [4]
  .near_func.text    ro code  0x0094dd    0x52  dtu.o [1]
  .near_func.text    ro code  0x00952f    0x4c  dtu.o [1]
  .near_func.text    ro code  0x00957b    0x4c  stm8s_it.o [1]
  .near_func.text    ro code  0x0095c7    0x48  dtu.o [1]
  Initializer bytes  const    0x00960f    0x3f  <for P2-1>
  .near_func.text    ro code  0x00964e    0x3d  sprintf.o [4]
  .near_func.text    ro code  0x00968b    0x3c  dtu.o [1]
  .near_func.text    ro code  0x0096c7    0x39  short.o [4]
  .near_func.text    ro code  0x009700    0x38  timer.o [1]
  .near_func.text    ro code  0x009738    0x36  dtu.o [1]
  .near_func.text    ro code  0x00976e    0x36  stm8s_clk.o [1]
  .near_func.text    ro code  0x0097a4    0x32  stm8s_uart1.o [1]
  .near_func.text    ro code  0x0097d6    0x31  speaker.o [1]
  .near_func.text    ro code  0x009807    0x31  stm8s_adc1.o [1]
  .near_func.text    ro code  0x009838    0x31  stm8s_awu.o [1]
  .near_func.text    ro code  0x009869    0x2f  sensor.o [1]
  .near_func.text    ro code  0x009898    0x2f  stm8s_adc1.o [1]
  .near_func.text    ro code  0x0098c7    0x2e  xprintftiny.o [4]
  .near_func.text    ro code  0x0098f5    0x2d  speaker.o [1]
  .near_func.text    ro code  0x009922    0x2d  stm8s_uart1.o [1]
  .near_func.text    ro code  0x00994f    0x2c  stm8s_adc1.o [1]
  .near_func.text    ro code  0x00997b    0x2c  stm8s_tim1.o [1]
  .near_func.text    ro code  0x0099a7    0x2c  strcmp.o [4]
  .near_func.text    ro code  0x0099d3    0x2a  battery.o [1]
  .near_func.text    ro code  0x0099fd    0x28  init_small.o [4]
  .near_func.text    ro code  0x009a25    0x25  dc_util.o [4]
  .near.rodata       const    0x009a4a    0x24  msg.o [1]
  .near_func.text    ro code  0x009a6e    0x24  speaker.o [1]
  .near_func.text    ro code  0x009a92    0x24  stm8s_tim1.o [1]
  .near_func.text    ro code  0x009ab6    0x21  stm8s_adc1.o [1]
  .iar.init_table    const    0x009ad7    0x12  - Linker created -
  .near_func.text    ro code  0x009ae9    0x1e  main.o [1]
  .near_func.text    ro code  0x009b07    0x1e  init_small.o [4]
  .near_func.text    ro code  0x009b25    0x1d  speaker.o [1]
  .near_func.text    ro code  0x009b42    0x1d  timer.o [1]
  .near.rodata       const    0x009b5f    0x1c  msg.o [1]
  .near.rodata       const    0x009b7b    0x1a  dtu.o [1]
  .near_func.text    ro code  0x009b95    0x1a  stm8s_tim1.o [1]
  .near_func.text    ro code  0x009baf    0x1a  uart.o [1]
  .near.rodata       const    0x009bc9    0x18  dtu.o [1]
  .near_func.text    ro code  0x009be1    0x16  dtu.o [1]
  .near_func.text    ro code  0x009bf7    0x16  stm8s_it.o [1]
  .near_func.text    ro code  0x009c0d    0x15  dtu.o [1]
  .near.rodata       const    0x009c22    0x14  msg.o [1]
  .near_func.text    ro code  0x009c36    0x14  init.o [4]
  .near_func.text    ro code  0x009c4a    0x14  __dbg_xxexit.o [3]
  .near_func.text    ro code  0x009c5e    0x13  stm8s_adc1.o [1]
  .near_func.text    ro code  0x009c71    0x13  stm8s_clk.o [1]
  .near_func.text    ro code  0x009c84    0x13  stm8s_flash.o [1]
  .near_func.text    ro code  0x009c97    0x13  stm8s_wwdg.o [1]
  .near_func.text    ro code  0x009caa    0x13  cstartup.o [4]
  .near.rodata       const    0x009cbd    0x12  dtu.o [1]
  .near.rodata       const    0x009ccf    0x12  dtu.o [1]
  .near_func.text    ro code  0x009ce1    0x12  awu.o [1]
  .near_func.text    ro code  0x009cf3    0x12  uart.o [1]
  .near.rodata       const    0x009d05    0x11  dtu.o [1]
  .near.rodata       const    0x009d16    0x11  dtu.o [1]
  .near.rodata       const    0x009d27    0x11  dtu.o [1]
  .near.rodata       const    0x009d38    0x11  stm8s_awu.o [1]
  .near.rodata       const    0x009d49    0x11  stm8s_awu.o [1]
  .near_func.text    ro code  0x009d5a    0x11  battery.o [1]
  .near.rodata       const    0x009d6b     0xf  dtu.o [1]
  .near.rodata       const    0x009d7a     0xf  dtu.o [1]
  .near_func.text    ro code  0x009d89     0xf  timer.o [1]
  .near.rodata       const    0x009d98     0xe  dtu.o [1]
  .near.rodata       const    0x009da6     0xd  dtu.o [1]
  .near_func.text    ro code  0x009db3     0xd  stm8s_adc1.o [1]
  .near_func.text    ro code  0x009dc0     0xd  stm8s_awu.o [1]
  .near_func.text    ro code  0x009dcd     0xd  stm8s_clk.o [1]
  .near_func.text    ro code  0x009dda     0xd  stm8s_clk.o [1]
  .near_func.text    ro code  0x009de7     0xd  stm8s_tim1.o [1]
  .near_func.text    ro code  0x009df4     0xd  stm8s_tim1.o [1]
  .near_func.text    ro code  0x009e01     0xd  stm8s_tim1.o [1]
  .near_func.text    ro code  0x009e0e     0xd  stm8s_uart1.o [1]
  .near_func.text    ro code  0x009e1b     0xd  strlen.o [4]
  .near_func.text    ro code  0x009e28     0xb  timer.o [1]
  .near_func.text    ro code  0x009e33     0xb  char.o [4]
  .near_func.text    ro code  0x009e3e     0xb  xsprout.o [4]
  .near.rodata       const    0x009e49     0x9  dtu.o [1]
  .near.rodata       const    0x009e52     0x9  dtu.o [1]
  .near_func.text    ro code  0x009e5b     0x9  stm8s_awu.o [1]
  .near.rodata       const    0x009e64     0x8  dtu.o [1]
  .near.rodata       const    0x009e6c     0x8  dtu.o [1]
  .near_func.text    ro code  0x009e74     0x8  stm8s_it.o [1]
  .near.rodata       const    0x009e7c     0x7  dtu.o [1]
  .near.rodata       const    0x009e83     0x7  dtu.o [1]
  .near_func.text    ro code  0x009e8a     0x7  stm8s_gpio.o [1]
  .near_func.text    ro code  0x009e91     0x7  stm8s_gpio.o [1]
  .near_func.text    ro code  0x009e98     0x7  xprintftiny.o [4]
  .near.rodata       const    0x009e9f     0x6  dtu.o [1]
  .near_func.text    ro code  0x009ea5     0x6  speaker.o [1]
  .near_func.text    ro code  0x009eab     0x6  stm8s_flash.o [1]
  .near_func.text    ro code  0x009eb1     0x6  stm8s_wwdg.o [1]
  .near_func.text    ro code  0x009eb7     0x6  xprintftiny.o [4]
  .near_func.text    ro code  0x009ebd     0x5  main.o [1]
  .near_func.text    ro code  0x009ec2     0x5  stm8s_adc1.o [1]
  .near_func.text    ro code  0x009ec7     0x5  stm8s_tim1.o [1]
  .near_func.text    ro code  0x009ecc     0x5  cexit.o [4]
  .near.rodata       const    0x009ed1     0x4  dtu.o [1]
  .near.rodata       const    0x009ed5     0x4  stm8s_clk.o [1]
  .near_func.text    ro code  0x009ed9     0x4  stm8s_gpio.o [1]
  .near_func.text    ro code  0x009edd     0x4  stm8s_uart1.o [1]
  .near.rodata       const    0x009ee1     0x3  dtu.o [1]
  .near.rodata       const    0x009ee4     0x3  dtu.o [1]
  .near.rodata       const    0x009ee7     0x3  dtu.o [1]
  .near.rodata       const    0x009eea     0x3  dtu.o [1]
  .near.rodata       const    0x009eed     0x3  dtu.o [1]
  .near.rodata       const    0x009ef0     0x3  dtu.o [1]
  .near_func.text    ro code  0x009ef3     0x3  dtu.o [1]
  .near_func.text    ro code  0x009ef6     0x3  stm8s_gpio.o [1]
  .near_func.text    ro code  0x009ef9     0x3  interrupt.o [4]
  .near_func.text    ro code  0x009efc     0x3  low_level_init.o [4]
  .near_func.text    ro code  0x009eff     0x3  exit.o [4]
  .near_func.text    ro code  0x009f02     0x3  unhandled_exception.o [4]
  .near.rodata       const    0x009f05     0x2  dtu.o [1]
  .near.rodata       const    0x009f07     0x2  dtu.o [1]
  .near.rodata       const    0x009f09     0x2  dtu.o [1]
  .near.rodata       const    0x009f0b     0x2  dtu.o [1]
  .near.rodata       const    0x009f0d     0x2  dtu.o [1]
  .near.rodata       const    0x009f0f     0x2  xprintftiny.o [4]
  .near.rodata       const    0x009f11     0x2  xprintftiny.o [4]
  .near.rodata       const    0x009f13     0x1  dtu.o [1]
  .near_func.text    ro code  0x009f14     0x1  stm8s_it.o [1]
  .near_func.text    ro code  0x009f15     0x1  stm8s_it.o [1]
  .near_func.text    ro code  0x009f16     0x1  stm8s_it.o [1]
  .near_func.text    ro code  0x009f17     0x1  stm8s_it.o [1]
  .near_func.text    ro code  0x009f18     0x1  stm8s_it.o [1]
  .near_func.text    ro code  0x009f19     0x1  stm8s_it.o [1]
  .near_func.text    ro code  0x009f1a     0x1  stm8s_it.o [1]
  .near_func.text    ro code  0x009f1b     0x1  stm8s_it.o [1]
  .near_func.text    ro code  0x009f1c     0x1  stm8s_it.o [1]
  .near_func.text    ro code  0x009f1d     0x1  stm8s_it.o [1]
  .near_func.text    ro code  0x009f1e     0x1  stm8s_it.o [1]
  .near_func.text    ro code  0x009f1f     0x1  stm8s_it.o [1]
  .near_func.text    ro code  0x009f20     0x1  stm8s_it.o [1]
  .near_func.text    ro code  0x009f21     0x1  stm8s_it.o [1]
  .near_func.text    ro code  0x009f22     0x1  stm8s_it.o [1]
  .near_func.text    ro code  0x009f23     0x1  stm8s_it.o [1]
  .near_func.text    ro code  0x009f24     0x1  stm8s_it.o [1]
  .near_func.text    ro code  0x009f25     0x1  __dbg_break.o [3]
                            - 0x009f26  0x1ea6


*******************************************************************************
*** INIT TABLE
***

          Address   Size
          -------   ----
Zero (__iar_zero_init2)
    1 destination range, total size 0x1ab:
          0x00004f  0x1ab

Copy (__iar_copy_init2)
    1 source range, total size 0x3f:
          0x00960f   0x3f
    1 destination range, total size 0x3f:
          0x000010   0x3f



*******************************************************************************
*** MODULE SUMMARY
***

    Module                 ro code  ro data  rw data
    ------                 -------  -------  -------
D:\work\coding\nbalarm\code_lib\Debug\Obj: [1]
    awu.o                      588                 2
    battery.o                   59
    dtu.o                      922      281      100
    main.o                     271       60       61
    msg.o                      289      439      298
    sensor.o                   319        3       18
    speaker.o                  165                 5
    stm8s_adc1.o               407
    stm8s_awu.o                167       34
    stm8s_clk.o                432        4
    stm8s_exti.o               109
    stm8s_flash.o               25
    stm8s_gpio.o               163
    stm8s_it.o                 123                 2
    stm8s_tim1.o               449
    stm8s_uart1.o              420
    stm8s_wwdg.o                25
    timer.o                    111                 4
    uart.o                     241
    ------------------------------------------------
    Total:                   5 285      821      490

command line: [2]
    ------------------------------------------------
    Total:

dbgstm8smd.a: [3]
    __dbg_break.o                1
    __dbg_xxexit.o              20
    ------------------------------------------------
    Total:                      21

dlstm8smn.a: [4]
    cexit.o                      5
    char.o                      11
    cstartup.o                  19
    dc_util.o                   37
    exit.o                       3
    init.o                      20
    init_small.o                70
    interrupt.o                  3      128
    long.o                     362
    long_util.o                 83
    low_level_init.o             3
    short.o                     57
    sprintf.o                   61
    strcmp.o                    44
    strlen.o                    13
    strstr.o                    89
    unhandled_exception.o        3
    vreg_util.o                337
    vregs.o                                       16
    xprintftiny.o              466        4
    xsprout.o                   11
    ------------------------------------------------
    Total:                   1 697      132       16

    Linker created                       18      256
----------------------------------------------------
    Grand Total:             7 003      971      762


*******************************************************************************
*** ENTRY LIST
***

Entry                    Address   Size  Type      Object
-----                    -------   ----  ----      ------
.iar.init_table$$Base   0x009ad7          --   Gb  - Linker created -
.iar.init_table$$Limit  0x009ae9          --   Gb  - Linker created -
?b0                     0x000000         Data  Gb  vregs.o [4]
?b1                     0x000001         Data  Gb  vregs.o [4]
?b10                    0x00000a         Data  Gb  vregs.o [4]
?b11                    0x00000b         Data  Gb  vregs.o [4]
?b12                    0x00000c         Data  Gb  vregs.o [4]
?b13                    0x00000d         Data  Gb  vregs.o [4]
?b14                    0x00000e         Data  Gb  vregs.o [4]
?b15                    0x00000f         Data  Gb  vregs.o [4]
?b2                     0x000002         Data  Gb  vregs.o [4]
?b3                     0x000003         Data  Gb  vregs.o [4]
?b4                     0x000004         Data  Gb  vregs.o [4]
?b5                     0x000005         Data  Gb  vregs.o [4]
?b6                     0x000006         Data  Gb  vregs.o [4]
?b7                     0x000007         Data  Gb  vregs.o [4]
?b8                     0x000008         Data  Gb  vregs.o [4]
?b9                     0x000009         Data  Gb  vregs.o [4]
?dc32_l0                0x009a25         Code  Gb  dc_util.o [4]
?dc32_l1                0x009a32         Code  Gb  dc_util.o [4]
?dc32_px                0x009a3f         Code  Gb  dc_util.o [4]
?e0                     0x000001         Data  Gb  vregs.o [4]
?e1                     0x000005         Data  Gb  vregs.o [4]
?e2                     0x000009         Data  Gb  vregs.o [4]
?e3                     0x00000d         Data  Gb  vregs.o [4]
?epilogue_l2            0x0085e9         Code  Gb  vreg_util.o [4]
?epilogue_l2_l3         0x0085e6         Code  Gb  vreg_util.o [4]
?epilogue_l2_w6         0x0085ed         Code  Gb  vreg_util.o [4]
?epilogue_w4            0x0085f4         Code  Gb  vreg_util.o [4]
?inc32_0x_0x            0x0083d3         Code  Gb  long.o [4]
?inc32_l0_l0            0x0083c9         Code  Gb  long.o [4]
?inc32_l2_l2            0x0083ce         Code  Gb  long.o [4]
?l0                     0x000000         Data  Gb  vregs.o [4]
?l1                     0x000004         Data  Gb  vregs.o [4]
?l2                     0x000008         Data  Gb  vregs.o [4]
?l3                     0x00000c         Data  Gb  vregs.o [4]
?load32_0x_l0           0x0094cf         Code  Gb  long_util.o [4]
?load32_asp_l0          0x0094c3         Code  Gb  long_util.o [4]
?load32_dbsp_l0         0x0094be         Code  Gb  long_util.o [4]
?load32_l0_0x           0x00949a         Code  Gb  long_util.o [4]
?load32_l0_asp          0x00948f         Code  Gb  long_util.o [4]
?load32_l0_dbsp         0x00948a         Code  Gb  long_util.o [4]
?load32_l0_xsp          0x009491         Code  Gb  long_util.o [4]
?load32_l1_0x           0x0094a6         Code  Gb  long_util.o [4]
?load32_l2_0x           0x0094b2         Code  Gb  long_util.o [4]
?load32_xsp_l0          0x0094c5         Code  Gb  long_util.o [4]
?mov_e0_e2              0x00862c         Code  Gb  vreg_util.o [4]
?mov_e0_e3              0x008639         Code  Gb  vreg_util.o [4]
?mov_e1_e0              0x008646         Code  Gb  vreg_util.o [4]
?mov_e1_e2              0x008653         Code  Gb  vreg_util.o [4]
?mov_e1_e3              0x008660         Code  Gb  vreg_util.o [4]
?mov_e2_e0              0x00866d         Code  Gb  vreg_util.o [4]
?mov_e3_e0              0x00867a         Code  Gb  vreg_util.o [4]
?mov_l0_l2              0x008629         Code  Gb  vreg_util.o [4]
?mov_l0_l3              0x008636         Code  Gb  vreg_util.o [4]
?mov_l1_l0              0x008643         Code  Gb  vreg_util.o [4]
?mov_l1_l2              0x008650         Code  Gb  vreg_util.o [4]
?mov_l1_l3              0x00865d         Code  Gb  vreg_util.o [4]
?mov_l2_l0              0x00866a         Code  Gb  vreg_util.o [4]
?mov_l3_l0              0x008677         Code  Gb  vreg_util.o [4]
?mov_w0_w2              0x0085f8         Code  Gb  vreg_util.o [4]
?mov_w0_w5              0x0085ff         Code  Gb  vreg_util.o [4]
?mov_w1_w5              0x00862f         Code  Gb  vreg_util.o [4]
?mov_w1_w7              0x00863c         Code  Gb  vreg_util.o [4]
?mov_w2_w0              0x008606         Code  Gb  vreg_util.o [4]
?mov_w2_w5              0x00860d         Code  Gb  vreg_util.o [4]
?mov_w3_w1              0x008649         Code  Gb  vreg_util.o [4]
?mov_w3_w5              0x008656         Code  Gb  vreg_util.o [4]
?mov_w3_w7              0x008663         Code  Gb  vreg_util.o [4]
?mov_w4_w0              0x008614         Code  Gb  vreg_util.o [4]
?mov_w4_w1              0x00861b         Code  Gb  vreg_util.o [4]
?mov_w5_w0              0x008622         Code  Gb  vreg_util.o [4]
?mov_w5_w1              0x008670         Code  Gb  vreg_util.o [4]
?mov_w7_w1              0x00867d         Code  Gb  vreg_util.o [4]
?mul16_x_x_w0           0x0096c7         Code  Gb  short.o [4]
?mul32_l0_l0_0x         0x0083ff         Code  Gb  long.o [4]
?mul32_l0_l0_dl         0x0083fc         Code  Gb  long.o [4]
?mul32_l0_l0_l1         0x008408         Code  Gb  long.o [4]
?pop_l0                 0x0085b2         Code  Gb  vreg_util.o [4]
?pop_l1                 0x0085bd         Code  Gb  vreg_util.o [4]
?pop_l2                 0x0085c8         Code  Gb  vreg_util.o [4]
?pop_l3                 0x0085d3         Code  Gb  vreg_util.o [4]
?pop_w4                 0x008564         Code  Gb  vreg_util.o [4]
?pop_w5                 0x00856b         Code  Gb  vreg_util.o [4]
?pop_w6                 0x008572         Code  Gb  vreg_util.o [4]
?push_l0                0x008581         Code  Gb  vreg_util.o [4]
?push_l1                0x008586         Code  Gb  vreg_util.o [4]
?push_l2                0x00858b         Code  Gb  vreg_util.o [4]
?push_l3                0x008590         Code  Gb  vreg_util.o [4]
?push_w0                0x008533         Code  Gb  vreg_util.o [4]
?push_w1                0x008538         Code  Gb  vreg_util.o [4]
?push_w2                0x00853d         Code  Gb  vreg_util.o [4]
?push_w4                0x008542         Code  Gb  vreg_util.o [4]
?push_w5                0x008547         Code  Gb  vreg_util.o [4]
?push_w6                0x00854c         Code  Gb  vreg_util.o [4]
?sext16_x_a             0x0096f9         Code  Gb  short.o [4]
?sext32_l0_x            0x008528         Code  Gb  long.o [4]
?sll16_x_x_4            0x0096ef         Code  Gb  short.o [4]
?sll16_x_x_5            0x0096ee         Code  Gb  short.o [4]
?sll16_x_x_6            0x0096ed         Code  Gb  short.o [4]
?sll16_x_x_a            0x0096e5         Code  Gb  short.o [4]
?sll32_0x_0x_a          0x008509         Code  Gb  long.o [4]
?sll32_l0_l0_a          0x008506         Code  Gb  long.o [4]
?sll8_a_a_5             0x009e34         Code  Gb  char.o [4]
?sll8_a_a_6             0x009e33         Code  Gb  char.o [4]
?srl16_x_x_4            0x0096f4         Code  Gb  short.o [4]
?srl32_0x_0x_a          0x00851a         Code  Gb  long.o [4]
?srl32_l0_l0_a          0x008517         Code  Gb  long.o [4]
?srl8_a_a_5             0x009e39         Code  Gb  char.o [4]
?sub32_l0_l0_0x         0x0083e4         Code  Gb  long.o [4]
?sub32_l0_l0_l1         0x0083e1         Code  Gb  long.o [4]
?ucmp32_c_l0_l1         0x0084fb         Code  Gb  long.o [4]
?udiv32_l0_dl_l1        0x008486         Code  Gb  long.o [4]
?udiv32_l0_l0_dl        0x00848b         Code  Gb  long.o [4]
?udiv32_l0_l0_l1        0x00848e         Code  Gb  long.o [4]
?umod32_l1_l0_l1        0x00848e         Code  Gb  long.o [4]
?w0                     0x000000         Data  Gb  vregs.o [4]
?w1                     0x000002         Data  Gb  vregs.o [4]
?w2                     0x000004         Data  Gb  vregs.o [4]
?w3                     0x000006         Data  Gb  vregs.o [4]
?w4                     0x000008         Data  Gb  vregs.o [4]
?w5                     0x00000a         Data  Gb  vregs.o [4]
?w6                     0x00000c         Data  Gb  vregs.o [4]
?w7                     0x00000e         Data  Gb  vregs.o [4]
ADC1_Cmd                0x009db3    0xd  Code  Gb  stm8s_adc1.o [1]
ADC1_ConversionConfig   0x009898   0x2f  Code  Gb  stm8s_adc1.o [1]
ADC1_DeInit             0x009807   0x31  Code  Gb  stm8s_adc1.o [1]
ADC1_ExternalTriggerConfig
                        0x009ab6   0x21  Code  Gb  stm8s_adc1.o [1]
ADC1_GetConversionValue
                        0x009435   0x55  Code  Gb  stm8s_adc1.o [1]
ADC1_IRQHandler         0x009f22    0x1  Code  Gb  stm8s_it.o [1]
ADC1_Init               0x00994f   0x2c  Code  Gb  stm8s_adc1.o [1]
ADC1_PrescalerConfig    0x009c5e   0x13  Code  Gb  stm8s_adc1.o [1]
ADC1_SchmittTriggerConfig
                        0x009195   0x70  Code  Gb  stm8s_adc1.o [1]
ADC1_StartConversion    0x009ec2    0x5  Code  Gb  stm8s_adc1.o [1]
APR_Array               0x009d38   0x11  Data  Gb  stm8s_awu.o [1]
AWU_Cmd                 0x009dc0    0xd  Code  Gb  stm8s_awu.o [1]
AWU_GetFlagStatus       0x009e5b    0x9  Code  Gb  stm8s_awu.o [1]
AWU_IRQHandler          0x009bf7   0x16  Code  Gb  stm8s_it.o [1]
AWU_Init                0x009838   0x31  Code  Gb  stm8s_awu.o [1]
AWU_LSICalibrationConfig
                        0x009272   0x60  Code  Gb  stm8s_awu.o [1]
CLK_ClockSwitchConfig   0x008f63   0x9e  Code  Gb  stm8s_clk.o [1]
CLK_DeInit              0x00976e   0x36  Code  Gb  stm8s_clk.o [1]
CLK_FastHaltWakeUpCmd   0x009dcd    0xd  Code  Gb  stm8s_clk.o [1]
CLK_GetClockFreq        0x0093de   0x57  Code  Gb  stm8s_clk.o [1]
CLK_HSIPrescalerConfig  0x009c71   0x13  Code  Gb  stm8s_clk.o [1]
CLK_IRQHandler          0x009f16    0x1  Code  Gb  stm8s_it.o [1]
CLK_PeripheralClockConfig
                        0x009386   0x58  Code  Gb  stm8s_clk.o [1]
CLK_SlowActiveHaltWakeUpCmd
                        0x009dda    0xd  Code  Gb  stm8s_clk.o [1]
CSTACK$$Base            0x000300          --   Gb  - Linker created -
CSTACK$$Limit           0x000400          --   Gb  - Linker created -
EEPROM_EEC_IRQHandler   0x009f24    0x1  Code  Gb  stm8s_it.o [1]
EXTI_PORTA_IRQHandler   0x009f17    0x1  Code  Gb  stm8s_it.o [1]
EXTI_PORTB_IRQHandler   0x009f18    0x1  Code  Gb  stm8s_it.o [1]
EXTI_PORTC_IRQHandler   0x009e74    0x8  Code  Gb  stm8s_it.o [1]
EXTI_PORTD_IRQHandler   0x009f19    0x1  Code  Gb  stm8s_it.o [1]
EXTI_PORTE_IRQHandler   0x009f1a    0x1  Code  Gb  stm8s_it.o [1]
EXTI_SetExtIntSensitivity
                        0x009205   0x6d  Code  Gb  stm8s_exti.o [1]
FLASH_GetLowPowerMode   0x009eab    0x6  Code  Gb  stm8s_flash.o [1]
FLASH_SetLowPowerMode   0x009c84   0x13  Code  Gb  stm8s_flash.o [1]
GPIO_Init               0x009001   0x8e  Code  Gb  stm8s_gpio.o [1]
GPIO_ReadInputData      0x009ef6    0x3  Code  Gb  stm8s_gpio.o [1]
GPIO_ReadInputPin       0x009e91    0x7  Code  Gb  stm8s_gpio.o [1]
GPIO_WriteHigh          0x009e8a    0x7  Code  Gb  stm8s_gpio.o [1]
GPIO_WriteLow           0x009ed9    0x4  Code  Gb  stm8s_gpio.o [1]
HSIDivFactor            0x009ed5    0x4  Data  Gb  stm8s_clk.o [1]
I2C_IRQHandler          0x009f21    0x1  Code  Gb  stm8s_it.o [1]
ID_TO_PIN               0x00004c    0x3  Data  Lc  sensor.o [1]
INTVEC$$Base            0x008000          --   Gb  - Linker created -
INTVEC$$Limit           0x008080          --   Gb  - Linker created -
LSIMeasurment           0x00908f   0x88  Code  Lc  awu.o [1]
NEXT_STATE              0x000010    0xc  Data  Lc  main.o [1]
Region$$Table$$Base     0x009ad7          --   Gb  - Linker created -
Region$$Table$$Limit    0x009ae9          --   Gb  - Linker created -
SLEEP_PERIODS           0x00001c   0x30  Data  Lc  main.o [1]
SPI_IRQHandler          0x009f1b    0x1  Code  Gb  stm8s_it.o [1]
TBR_Array               0x009d49   0x11  Data  Gb  stm8s_awu.o [1]
TI1_Config              0x008876   0x2e  Code  Lc  stm8s_tim1.o [1]
TI2_Config              0x00883b   0x2e  Code  Lc  stm8s_tim1.o [1]
TI3_Config              0x008800   0x2e  Code  Lc  stm8s_tim1.o [1]
TI4_Config              0x0087c5   0x2e  Code  Lc  stm8s_tim1.o [1]
TIM1_ARRPreloadConfig   0x009df4    0xd  Code  Gb  stm8s_tim1.o [1]
TIM1_CAP_COM_IRQHandler
                        0x009f1c    0x1  Code  Gb  stm8s_it.o [1]
TIM1_ClearFlag          0x009e01    0xd  Code  Gb  stm8s_tim1.o [1]
TIM1_ClearITPendingBit  0x009ec7    0x5  Code  Gb  stm8s_tim1.o [1]
TIM1_Cmd                0x009de7    0xd  Code  Gb  stm8s_tim1.o [1]
TIM1_GetCapture1        0x00997b   0x2c  Code  Gb  stm8s_tim1.o [1]
TIM1_ICInit             0x0088a4   0x3f  Code  Gb  stm8s_tim1.o [1]
TIM1_ITConfig           0x009b95   0x1a  Code  Gb  stm8s_tim1.o [1]
TIM1_SetIC1Prescaler    0x008869    0xd  Code  Gb  stm8s_tim1.o [1]
TIM1_SetIC2Prescaler    0x00882e    0xd  Code  Gb  stm8s_tim1.o [1]
TIM1_SetIC3Prescaler    0x0087f3    0xd  Code  Gb  stm8s_tim1.o [1]
TIM1_SetIC4Prescaler    0x0087b8    0xd  Code  Gb  stm8s_tim1.o [1]
TIM1_TimeBaseInit       0x009a92   0x24  Code  Gb  stm8s_tim1.o [1]
TIM1_UPD_OVF_TRG_BRK_IRQHandler
                        0x00957b   0x4c  Code  Gb  stm8s_it.o [1]
TIM1_UPD_OVF_TRG_BRK_IRQHandler::live_ticks
                        0x0001f9    0x1  Data  Lc  stm8s_it.o [1]
TIM2_CAP_COM_IRQHandler
                        0x009f1e    0x1  Code  Gb  stm8s_it.o [1]
TIM2_UPD_OVF_BRK_IRQHandler
                        0x009f1d    0x1  Code  Gb  stm8s_it.o [1]
TIM4_UPD_OVF_IRQHandler
                        0x009f23    0x1  Code  Gb  stm8s_it.o [1]
TLI_IRQHandler          0x009f15    0x1  Code  Gb  stm8s_it.o [1]
TRAP_IRQHandler         0x009f14    0x1  Code  Gb  stm8s_it.o [1]
UART1_Cmd               0x009e0e    0xd  Code  Gb  stm8s_uart1.o [1]
UART1_DeInit            0x009922   0x2d  Code  Gb  stm8s_uart1.o [1]
UART1_GetFlagStatus     0x0097a4   0x32  Code  Gb  stm8s_uart1.o [1]
UART1_Init              0x008684  0x134  Code  Gb  stm8s_uart1.o [1]
UART1_RX_IRQHandler     0x009f20    0x1  Code  Gb  stm8s_it.o [1]
UART1_SendData8         0x009edd    0x4  Code  Gb  stm8s_uart1.o [1]
UART1_TX_IRQHandler     0x009f1f    0x1  Code  Gb  stm8s_it.o [1]
WWDG_Init               0x009c97   0x13  Code  Gb  stm8s_wwdg.o [1]
WWDG_SetCounter         0x009eb1    0x6  Code  Gb  stm8s_wwdg.o [1]
_PrintfTiny             0x008232  0x197  Code  Gb  xprintftiny.o [4]
_SProut                 0x009e3e    0xb  Code  Gb  xsprout.o [4]
__DebugBreak            0x009f25    0x1  Code  Gb  __dbg_break.o [3]
__exit                  0x009c4a   0x14  Code  Gb  __dbg_xxexit.o [3]
__iar_Strstr            0x00932d   0x59  Code  Gb  strstr.o [4]
__iar_copy_init2        0x0099fd         Code  Gb  init_small.o [4]
__iar_data_init2        0x009c36   0x14  Code  Gb  init.o [4]
__iar_program_start     0x009caa         Code  Gb  cstartup.o [4]
__iar_unhandled_exception
                        0x009f02         Code  Gb  unhandled_exception.o [4]
__iar_zero_init2        0x009b07         Code  Gb  init_small.o [4]
__intvec                0x008000         Data  Gb  interrupt.o [4]
__low_level_init        0x009efc    0x3  Code  Gb  low_level_init.o [4]
_exit                   0x009ecc         Code  Gb  cexit.o [4]
_interrupt_1            0x009f14         Code  Gb  stm8s_it.o [1]
_interrupt_12           0x009f1b         Code  Gb  stm8s_it.o [1]
_interrupt_13           0x00957b         Code  Gb  stm8s_it.o [1]
_interrupt_14           0x009f1c         Code  Gb  stm8s_it.o [1]
_interrupt_15           0x009f1d         Code  Gb  stm8s_it.o [1]
_interrupt_16           0x009f1e         Code  Gb  stm8s_it.o [1]
_interrupt_19           0x009f1f         Code  Gb  stm8s_it.o [1]
_interrupt_2            0x009f15         Code  Gb  stm8s_it.o [1]
_interrupt_20           0x009f20         Code  Gb  stm8s_it.o [1]
_interrupt_21           0x009f21         Code  Gb  stm8s_it.o [1]
_interrupt_24           0x009f22         Code  Gb  stm8s_it.o [1]
_interrupt_25           0x009f23         Code  Gb  stm8s_it.o [1]
_interrupt_26           0x009f24         Code  Gb  stm8s_it.o [1]
_interrupt_3            0x009bf7         Code  Gb  stm8s_it.o [1]
_interrupt_4            0x009f16         Code  Gb  stm8s_it.o [1]
_interrupt_5            0x009f17         Code  Gb  stm8s_it.o [1]
_interrupt_6            0x009f18         Code  Gb  stm8s_it.o [1]
_interrupt_7            0x009e74         Code  Gb  stm8s_it.o [1]
_interrupt_8            0x009f19         Code  Gb  stm8s_it.o [1]
_interrupt_9            0x009f1a         Code  Gb  stm8s_it.o [1]
at_cmd                  0x008d08   0xe0  Code  Lc  dtu.o [1]
awu_init                0x009ce1   0x12  Code  Gb  awu.o [1]
awu_sleep               0x008080  0x1b2  Code  Gb  awu.o [1]
awu_sleep::flash_lpmode
                        0x0001f3    0x1  Data  Lc  awu.o [1]
battery_adc_init        0x0099d3   0x2a  Code  Gb  battery.o [1]
battery_get_status      0x009d5a   0x11  Code  Gb  battery.o [1]
bsp_feed_dog            0x009ebd    0x5  Code  Lc  main.o [1]
bsp_init                0x009ae9   0x1e  Code  Lc  main.o [1]
check_exist             0x009b25   0x1d  Code  Lc  speaker.o [1]
dtu_check_reg           0x009738   0x36  Code  Gb  dtu.o [1]
dtu_close               0x009be1   0x16  Code  Gb  dtu.o [1]
dtu_get_imei            0x0094dd   0x52  Code  Gb  dtu.o [1]
dtu_get_ntype           0x00968b   0x3c  Code  Gb  dtu.o [1]
dtu_get_signal          0x00952f   0x4c  Code  Gb  dtu.o [1]
dtu_httppost            0x008ead   0xb6  Code  Gb  dtu.o [1]
dtu_init                0x0095c7   0x48  Code  Gb  dtu.o [1]
dtu_online              0x009c0d   0x15  Code  Gb  dtu.o [1]
exit                    0x009eff    0x3  Code  Gb  exit.o [4]
last_port_value         0x0001f2    0x1  Data  Gb  awu.o [1]
live_flag               0x0001f4    0x1  Data  Gb  main.o [1]
main                    0x008c1c   0xec  Code  Gb  main.o [1]
msg_send                0x0088e3  0x121  Code  Gb  msg.o [1]
msg_send::msg_serial    0x0001f5    0x1  Data  Lc  msg.o [1]
msg_send::sn            0x0001cb   0x10  Data  Lc  msg.o [1]
msg_send::sn_ok         0x0001f6    0x1  Data  Lc  msg.o [1]
msg_send::tx_buffer     0x00004f  0x118  Data  Lc  msg.o [1]
out                     0x0098c7   0x2e  Code  Lc  xprintftiny.o [4]
playing                 0x0001f7    0x1  Data  Lc  speaker.o [1]
rx_buffer               0x000167   0x64  Data  Lc  dtu.o [1]
sensor_get_status       0x008a04  0x110  Code  Gb  sensor.o [1]
sensor_init             0x009869   0x2f  Code  Gb  sensor.o [1]
sensor_interrupt        0x0001f8    0x1  Data  Gb  stm8s_it.o [1]
sensor_statuses         0x0001db    0xf  Data  Lc  sensor.o [1]
speaker_alarm           0x0097d6   0x31  Code  Gb  speaker.o [1]
speaker_check_playing   0x0098f5   0x2d  Code  Gb  speaker.o [1]
speaker_close           0x009a6e   0x24  Code  Gb  speaker.o [1]
speaker_init            0x009ea5    0x6  Code  Gb  speaker.o [1]
sprintf                 0x00964e   0x3d  Code  Gb  sprintf.o [4]
start_tick              0x0001ea    0x4  Data  Lc  speaker.o [1]
strcmp                  0x0099a7   0x2c  Code  Gb  strcmp.o [4]
strlen                  0x009e1b    0xd  Code  Gb  strlen.o [4]
strstr                  0x009ef3    0x3  Code  Gb  dtu.o [1]
ticks_quarter_second    0x0001ee    0x4  Data  Gb  timer.o [1]
timer_delay             0x009700   0x38  Code  Gb  timer.o [1]
timer_get_tick          0x009e28    0xb  Code  Gb  timer.o [1]
timer_init              0x009b42   0x1d  Code  Gb  timer.o [1]
timer_start             0x009d89    0xf  Code  Gb  timer.o [1]
uart_getchar            0x009cf3   0x12  Code  Gb  uart.o [1]
uart_init               0x009baf   0x1a  Code  Gb  uart.o [1]
uart_send               0x008de8   0xc5  Code  Gb  uart.o [1]
waitfor_response        0x009117   0x7e  Code  Lc  dtu.o [1]


[1] = D:\work\coding\nbalarm\code_lib\Debug\Obj
[2] = command line
[3] = dbgstm8smd.a
[4] = dlstm8smn.a

  7 003 bytes of readonly  code memory
    971 bytes of readonly  data memory
    762 bytes of readwrite data memory

Errors: none
Warnings: none
