###############################################################################
#                                                                             #
# IAR ELF Linker V1.40.1.50106 for STM8                 19/Nov/2019  11:31:08 #
# Copyright 2010-2013 IAR Systems AB.                                         #
#                                                                             #
#    Output file  =  E:\work\coding\nbalarm\code_lib\Debug\Exe\nbalarm.out    #
#    Map file     =  E:\work\coding\nbalarm\code_lib\Debug\List\nbalarm.map   #
#    Command line =  E:\work\coding\nbalarm\code_lib\Debug\Obj\awu.o          #
#                    E:\work\coding\nbalarm\code_lib\Debug\Obj\battery.o      #
#                    E:\work\coding\nbalarm\code_lib\Debug\Obj\dtu.o          #
#                    E:\work\coding\nbalarm\code_lib\Debug\Obj\main.o         #
#                    E:\work\coding\nbalarm\code_lib\Debug\Obj\msg.o          #
#                    E:\work\coding\nbalarm\code_lib\Debug\Obj\sensor.o       #
#                    E:\work\coding\nbalarm\code_lib\Debug\Obj\speaker.o      #
#                    E:\work\coding\nbalarm\code_lib\Debug\Obj\stm8s_adc1.o   #
#                    E:\work\coding\nbalarm\code_lib\Debug\Obj\stm8s_awu.o    #
#                    E:\work\coding\nbalarm\code_lib\Debug\Obj\stm8s_clk.o    #
#                    E:\work\coding\nbalarm\code_lib\Debug\Obj\stm8s_exti.o   #
#                    E:\work\coding\nbalarm\code_lib\Debug\Obj\stm8s_flash.o  #
#                    E:\work\coding\nbalarm\code_lib\Debug\Obj\stm8s_gpio.o   #
#                    E:\work\coding\nbalarm\code_lib\Debug\Obj\stm8s_it.o     #
#                    E:\work\coding\nbalarm\code_lib\Debug\Obj\stm8s_tim1.o   #
#                    E:\work\coding\nbalarm\code_lib\Debug\Obj\stm8s_uart1.o  #
#                    E:\work\coding\nbalarm\code_lib\Debug\Obj\stm8s_wwdg.o   #
#                    E:\work\coding\nbalarm\code_lib\Debug\Obj\test.o         #
#                    E:\work\coding\nbalarm\code_lib\Debug\Obj\timer.o        #
#                    E:\work\coding\nbalarm\code_lib\Debug\Obj\uart.o         #
#                    --redirect _Printf=_PrintfTiny --redirect                #
#                    _Scanf=_ScanfSmallNoMb -o E:\work\coding\nbalarm\code_li #
#                    b\Debug\Exe\nbalarm.out --map                            #
#                    E:\work\coding\nbalarm\code_lib\Debug\List\nbalarm.map   #
#                    --config "C:\Program Files (x86)\IAR Systems\Embedded    #
#                    Workbench 6.5\stm8\config\lnkstm8s003f3.icf"             #
#                    --config_def _CSTACK_SIZE=0x100 --config_def             #
#                    _HEAP_SIZE=0x100 --entry __iar_program_start --debug_lib #
#                                                                             #
#                                                                             #
###############################################################################

*******************************************************************************
*** RUNTIME MODEL ATTRIBUTES
***

__SystemLibrary            = DLib
__code_model               = small
__core                     = stm8
__data_model               = medium
__dlib_file_descriptor     = 0
__dlib_full_locale_support = 0
__rt_version               = 4


*******************************************************************************
*** PLACEMENT SUMMARY
***

"A1":  place at start of [0x000000-0x0000ff] { rw section .vregs };
"A2":  place at end of [0x000000-0x0003ff] { block CSTACK };
"P2":  place in [from 0x000000 to 0x0003ff] {
          block HEAP, rw section .far.bss, rw section .far.data,
          rw section .far.noinit, rw section .far_func.textrw,
          rw section .huge.bss, rw section .huge.data, rw section .huge.noinit,
          rw section .huge_func.textrw, rw section .iar.dynexit,
          rw section .near.bss, rw section .near.data, rw section .near.noinit,
          rw section .near_func.textrw };
"A3":  place at start of [0x008000-0x009fff] { block INTVEC };
"P3":  place in [from 0x008000 to 0x009fff] {
          ro section .far.data_init, ro section .far_func.textrw_init,
          ro section .huge.data_init, ro section .huge_func.textrw_init,
          ro section .iar.init_table, ro section .init_array,
          ro section .near.data_init, ro section .near.rodata,
          ro section .near_func.text, ro section .near_func.textrw_init,
          ro section .tiny.data_init, ro section .tiny.rodata_init };

  Section            Kind      Address    Size  Object
  -------            ----      -------    ----  ------
"A1":                                     0x10
  .vregs             uninit   0x000000    0x10  vregs.o [4]
                            - 0x000010    0x10

"P2", part 1 of 2:                        0x3f
  P2 s0                       0x000010    0x3f  <Init block>
    .near.data       inited   0x000010    0x30  main.o [1]
    .near.data       inited   0x000040     0xc  main.o [1]
    .near.data       inited   0x00004c     0x3  sensor.o [1]
                            - 0x00004f    0x3f

"P2", part 2 of 2:                       0x1ac
  .near.bss          zero     0x00004f   0x118  msg.o [1]
  .near.bss          zero     0x000167    0x64  dtu.o [1]
  .near.bss          zero     0x0001cb    0x10  msg.o [1]
  .near.bss          zero     0x0001db     0xf  sensor.o [1]
  .near.bss          zero     0x0001ea     0x4  speaker.o [1]
  .near.bss          zero     0x0001ee     0x4  timer.o [1]
  .near.bss          zero     0x0001f2     0x1  awu.o [1]
  .near.bss          zero     0x0001f3     0x1  main.o [1]
  .near.bss          zero     0x0001f4     0x1  msg.o [1]
  .near.bss          zero     0x0001f5     0x1  msg.o [1]
  .near.bss          zero     0x0001f6     0x1  sensor.o [1]
  .near.bss          zero     0x0001f7     0x1  sensor.o [1]
  .near.bss          zero     0x0001f8     0x1  speaker.o [1]
  .near.bss          zero     0x0001f9     0x1  stm8s_it.o [1]
  .near.bss          zero     0x0001fa     0x1  stm8s_it.o [1]
                            - 0x0001fb   0x1ac

"A2":                                    0x100
  CSTACK                      0x000300   0x100  <Block>
    CSTACK           uninit   0x000300   0x100  <Block tail>
                            - 0x000400   0x100

"A3":                                     0x80
  INTVEC                      0x008000    0x80  <Block>
    .intvec          const    0x008000    0x80  interrupt.o [4]
                            - 0x008080    0x80

"P3":                                   0x1f5f
  .near_func.text    ro code  0x008080   0x1ac  awu.o [1]
  .near_func.text    ro code  0x00822c   0x19b  xprintftiny.o [4]
  .near_func.text    ro code  0x0083c7   0x172  long.o [4]
  .near_func.text    ro code  0x008539   0x14a  vreg_util.o [4]
  .near_func.text    ro code  0x008683   0x131  stm8s_uart1.o [1]
  .near_func.text    ro code  0x0087b4   0x126  msg.o [1]
  .near_func.text    ro code  0x0088da   0x10f  main.o [1]
  .near.rodata       const    0x0089e9   0x108  msg.o [1]
  .near_func.text    ro code  0x008af1    0xe8  dtu.o [1]
  .near_func.text    ro code  0x008bd9    0xd9  sensor.o [1]
  .near_func.text    ro code  0x008cb2    0xca  uart.o [1]
  .near_func.text    ro code  0x008d7c    0xb7  dtu.o [1]
  .near_func.text    ro code  0x008e33    0xae  stm8s_gpio.o [1]
  .near_func.text    ro code  0x008ee1    0xa2  stm8s_clk.o [1]
  .near_func.text    ro code  0x008f83    0xa0  stm8s_tim1.o [1]
  .near_func.text    ro code  0x009023    0x98  sensor.o [1]
  .near_func.text    ro code  0x0090bb    0x88  awu.o [1]
  .near_func.text    ro code  0x009143    0x7d  dtu.o [1]
  .near_func.text    ro code  0x0091c0    0x70  stm8s_adc1.o [1]
  .near_func.text    ro code  0x009230    0x6d  stm8s_exti.o [1]
  .near_func.text    ro code  0x00929d    0x5d  stm8s_awu.o [1]
  .near_func.text    ro code  0x0092fa    0x5d  stm8s_clk.o [1]
  .near.rodata       const    0x009357    0x5b  msg.o [1]
  .near_func.text    ro code  0x0093b2    0x58  stm8s_clk.o [1]
  .near_func.text    ro code  0x00940a    0x55  dtu.o [1]
  .near_func.text    ro code  0x00945f    0x54  stm8s_adc1.o [1]
  .near_func.text    ro code  0x0094b3    0x53  long_util.o [4]
  .near_func.text    ro code  0x009506    0x4d  dtu.o [1]
  .near_func.text    ro code  0x009553    0x4d  stm8s_it.o [1]
  .near_func.text    ro code  0x0095a0    0x48  dtu.o [1]
  .near_func.text    ro code  0x0095e8    0x48  strstr.o [4]
  .near_func.text    ro code  0x009630    0x40  dtu.o [1]
  .near_func.text    ro code  0x009670    0x3e  timer.o [1]
  .near_func.text    ro code  0x0096ae    0x3e  sprintf.o [4]
  .near_func.text    ro code  0x0096ec    0x3d  dtu.o [1]
  .near_func.text    ro code  0x009729    0x39  short.o [4]
  .near_func.text    ro code  0x009762    0x36  stm8s_clk.o [1]
  .near_func.text    ro code  0x009798    0x33  stm8s_awu.o [1]
  .near_func.text    ro code  0x0097cb    0x32  stm8s_uart1.o [1]
  .near_func.text    ro code  0x0097fd    0x31  speaker.o [1]
  .near_func.text    ro code  0x00982e    0x31  stm8s_adc1.o [1]
  .near_func.text    ro code  0x00985f    0x2f  sensor.o [1]
  .near_func.text    ro code  0x00988e    0x2f  stm8s_adc1.o [1]
  .near_func.text    ro code  0x0098bd    0x2e  stm8s_tim1.o [1]
  .near_func.text    ro code  0x0098eb    0x2e  stm8s_tim1.o [1]
  .near_func.text    ro code  0x009919    0x2e  stm8s_tim1.o [1]
  .near_func.text    ro code  0x009947    0x2e  stm8s_tim1.o [1]
  .near_func.text    ro code  0x009975    0x2e  xprintftiny.o [4]
  .near_func.text    ro code  0x0099a3    0x2d  stm8s_tim1.o [1]
  .near_func.text    ro code  0x0099d0    0x2d  stm8s_uart1.o [1]
  .near_func.text    ro code  0x0099fd    0x2c  speaker.o [1]
  .near_func.text    ro code  0x009a29    0x2c  stm8s_adc1.o [1]
  .near_func.text    ro code  0x009a55    0x2c  dc_util.o [4]
  .near_func.text    ro code  0x009a81    0x2b  stm8s_tim1.o [1]
  .near_func.text    ro code  0x009aac    0x2a  battery.o [1]
  .near_func.text    ro code  0x009ad6    0x28  init_small.o [4]
  .near.rodata       const    0x009afe    0x24  msg.o [1]
  .near_func.text    ro code  0x009b22    0x24  speaker.o [1]
  .near_func.text    ro code  0x009b46    0x22  strcmp.o [4]
  .near_func.text    ro code  0x009b68    0x21  stm8s_adc1.o [1]
  .iar.init_table    const    0x009b89    0x12  - Linker created -
  .near_func.text    ro code  0x009b9b    0x1e  init_small.o [4]
  .near_func.text    ro code  0x009bb9    0x1d  speaker.o [1]
  .near_func.text    ro code  0x009bd6    0x1d  timer.o [1]
  .near.rodata       const    0x009bf3    0x1c  msg.o [1]
  .near.rodata       const    0x009c0f    0x1a  dtu.o [1]
  .near_func.text    ro code  0x009c29    0x1a  uart.o [1]
  .near.rodata       const    0x009c43    0x18  dtu.o [1]
  .near_func.text    ro code  0x009c5b    0x17  init.o [4]
  .near_func.text    ro code  0x009c72    0x16  dtu.o [1]
  .near_func.text    ro code  0x009c88    0x16  stm8s_it.o [1]
  .near_func.text    ro code  0x009c9e    0x15  dtu.o [1]
  .near_func.text    ro code  0x009cb3    0x15  sensor.o [1]
  .near.rodata       const    0x009cc8    0x14  msg.o [1]
  .near_func.text    ro code  0x009cdc    0x14  __dbg_xxexit.o [3]
  .near_func.text    ro code  0x009cf0    0x13  stm8s_adc1.o [1]
  .near_func.text    ro code  0x009d03    0x13  stm8s_clk.o [1]
  .near_func.text    ro code  0x009d16    0x13  stm8s_flash.o [1]
  .near_func.text    ro code  0x009d29    0x13  stm8s_wwdg.o [1]
  .near_func.text    ro code  0x009d3c    0x13  timer.o [1]
  .near_func.text    ro code  0x009d4f    0x13  cstartup.o [4]
  .near.rodata       const    0x009d62    0x12  dtu.o [1]
  .near.rodata       const    0x009d74    0x12  dtu.o [1]
  .near_func.text    ro code  0x009d86    0x12  awu.o [1]
  .near_func.text    ro code  0x009d98    0x12  uart.o [1]
  .near_func.text    ro code  0x009daa    0x12  strlen.o [4]
  .near.rodata       const    0x009dbc    0x11  dtu.o [1]
  .near.rodata       const    0x009dcd    0x11  dtu.o [1]
  .near.rodata       const    0x009dde    0x11  dtu.o [1]
  .near.rodata       const    0x009def    0x11  stm8s_awu.o [1]
  .near.rodata       const    0x009e00    0x11  stm8s_awu.o [1]
  .near_func.text    ro code  0x009e11    0x11  battery.o [1]
  .near.rodata       const    0x009e22     0xf  dtu.o [1]
  .near.rodata       const    0x009e31     0xf  dtu.o [1]
  .near_func.text    ro code  0x009e40     0xf  stm8s_tim1.o [1]
  .near.rodata       const    0x009e4f     0xe  dtu.o [1]
  .near_func.text    ro code  0x009e5d     0xe  xsprout.o [4]
  .near.rodata       const    0x009e6b     0xd  dtu.o [1]
  .near_func.text    ro code  0x009e78     0xd  stm8s_adc1.o [1]
  .near_func.text    ro code  0x009e85     0xd  stm8s_awu.o [1]
  .near_func.text    ro code  0x009e92     0xd  stm8s_clk.o [1]
  .near_func.text    ro code  0x009e9f     0xd  stm8s_clk.o [1]
  .near_func.text    ro code  0x009eac     0xd  stm8s_uart1.o [1]
  .near_func.text    ro code  0x009eb9     0xb  timer.o [1]
  .near_func.text    ro code  0x009ec4     0xa  stm8s_awu.o [1]
  .near.rodata       const    0x009ece     0x9  dtu.o [1]
  .near.rodata       const    0x009ed7     0x9  dtu.o [1]
  .near_func.text    ro code  0x009ee0     0x9  sensor.o [1]
  .near.rodata       const    0x009ee9     0x8  dtu.o [1]
  .near.rodata       const    0x009ef1     0x8  dtu.o [1]
  .near.rodata       const    0x009ef9     0x7  dtu.o [1]
  .near.rodata       const    0x009f00     0x7  dtu.o [1]
  .near.rodata       const    0x009f07     0x6  dtu.o [1]
  .near_func.text    ro code  0x009f0d     0x6  speaker.o [1]
  .near_func.text    ro code  0x009f13     0x6  stm8s_flash.o [1]
  .near_func.text    ro code  0x009f19     0x6  stm8s_wwdg.o [1]
  .near_func.text    ro code  0x009f1f     0x6  char.o [4]
  .near_func.text    ro code  0x009f25     0x6  xprintftiny.o [4]
  .near_func.text    ro code  0x009f2b     0x6  xprintftiny.o [4]
  .near_func.text    ro code  0x009f31     0x5  stm8s_adc1.o [1]
  .near_func.text    ro code  0x009f36     0x5  stm8s_it.o [1]
  .near_func.text    ro code  0x009f3b     0x5  stm8s_tim1.o [1]
  .near_func.text    ro code  0x009f40     0x5  cexit.o [4]
  .near.rodata       const    0x009f45     0x4  dtu.o [1]
  .near.rodata       const    0x009f49     0x4  stm8s_clk.o [1]
  .near_func.text    ro code  0x009f4d     0x4  stm8s_gpio.o [1]
  .near_func.text    ro code  0x009f51     0x4  stm8s_uart1.o [1]
  .near.rodata       const    0x009f55     0x3  dtu.o [1]
  .near.rodata       const    0x009f58     0x3  dtu.o [1]
  .near.rodata       const    0x009f5b     0x3  dtu.o [1]
  .near.rodata       const    0x009f5e     0x3  dtu.o [1]
  .near.rodata       const    0x009f61     0x3  dtu.o [1]
  .near.rodata       const    0x009f64     0x3  dtu.o [1]
  .near_func.text    ro code  0x009f67     0x3  dtu.o [1]
  .near_func.text    ro code  0x009f6a     0x3  stm8s_gpio.o [1]
  .near_func.text    ro code  0x009f6d     0x3  stm8s_gpio.o [1]
  .near_func.text    ro code  0x009f70     0x3  stm8s_gpio.o [1]
  .near_func.text    ro code  0x009f73     0x3  interrupt.o [4]
  .near_func.text    ro code  0x009f76     0x3  low_level_init.o [4]
  .near_func.text    ro code  0x009f79     0x3  exit.o [4]
  .near_func.text    ro code  0x009f7c     0x3  unhandled_exception.o [4]
  .near.rodata       const    0x009f7f     0x2  dtu.o [1]
  .near.rodata       const    0x009f81     0x2  dtu.o [1]
  .near.rodata       const    0x009f83     0x2  dtu.o [1]
  .near.rodata       const    0x009f85     0x2  dtu.o [1]
  .near.rodata       const    0x009f87     0x2  dtu.o [1]
  .near.rodata       const    0x009f89     0x2  xprintftiny.o [4]
  .near.rodata       const    0x009f8b     0x2  xprintftiny.o [4]
  .near.rodata       const    0x009f8d     0x1  dtu.o [1]
  .near_func.text    ro code  0x009f8e     0x1  stm8s_it.o [1]
  .near_func.text    ro code  0x009f8f     0x1  stm8s_it.o [1]
  .near_func.text    ro code  0x009f90     0x1  stm8s_it.o [1]
  .near_func.text    ro code  0x009f91     0x1  stm8s_it.o [1]
  .near_func.text    ro code  0x009f92     0x1  stm8s_it.o [1]
  .near_func.text    ro code  0x009f93     0x1  stm8s_it.o [1]
  .near_func.text    ro code  0x009f94     0x1  stm8s_it.o [1]
  .near_func.text    ro code  0x009f95     0x1  stm8s_it.o [1]
  .near_func.text    ro code  0x009f96     0x1  stm8s_it.o [1]
  .near_func.text    ro code  0x009f97     0x1  stm8s_it.o [1]
  .near_func.text    ro code  0x009f98     0x1  stm8s_it.o [1]
  .near_func.text    ro code  0x009f99     0x1  stm8s_it.o [1]
  .near_func.text    ro code  0x009f9a     0x1  stm8s_it.o [1]
  .near_func.text    ro code  0x009f9b     0x1  stm8s_it.o [1]
  .near_func.text    ro code  0x009f9c     0x1  stm8s_it.o [1]
  .near_func.text    ro code  0x009f9d     0x1  stm8s_it.o [1]
  .near_func.text    ro code  0x009f9e     0x1  stm8s_it.o [1]
  .near_func.text    ro code  0x009f9f     0x1  __dbg_break.o [3]
  Initializer bytes  ro data  0x009fa0    0x3f  <for P2 s0>
                            - 0x009fdf  0x1f5f


*******************************************************************************
*** INIT TABLE
***

          Address   Size
          -------   ----
Zero (__iar_zero_init2)
    1 destination range, total size 0x1ac:
          0x00004f  0x1ac

Copy (__iar_copy_init2)
    1 source range, total size 0x3f:
          0x009fa0   0x3f
    1 destination range, total size 0x3f:
          0x000010   0x3f



*******************************************************************************
*** MODULE SUMMARY
***

    Module                 ro code  ro data  rw data
    ------                 -------  -------  -------
E:\work\coding\nbalarm\code_lib\Debug\Obj: [1]
    awu.o                      582                 1
    battery.o                   59
    dtu.o                      945      281      100
    main.o                     271       60       61
    msg.o                      294      439      298
    sensor.o                   446        3       20
    speaker.o                  164                 5
    stm8s_adc1.o               406
    stm8s_awu.o                167       34
    stm8s_clk.o                442        4
    stm8s_exti.o               109
    stm8s_flash.o               25
    stm8s_gpio.o               187
    stm8s_it.o                 121                 2
    stm8s_tim1.o               452
    stm8s_uart1.o              417
    stm8s_wwdg.o                25
    timer.o                    121                 4
    uart.o                     246
    ------------------------------------------------
    Total:                   5 479      821      491

command line: [2]
    ------------------------------------------------
    Total:

dbgstm8smd.a: [3]
    __dbg_break.o                1
    __dbg_xxexit.o              20
    ------------------------------------------------
    Total:                      21

dlstm8smn.a: [4]
    cexit.o                      5
    char.o                       6
    cstartup.o                  19
    dc_util.o                   44
    exit.o                       3
    init.o                      23
    init_small.o                70
    interrupt.o                  3      128
    long.o                     370
    long_util.o                 83
    low_level_init.o             3
    short.o                     57
    sprintf.o                   62
    strcmp.o                    34
    strlen.o                    18
    strstr.o                    72
    unhandled_exception.o        3
    vreg_util.o                330
    vregs.o                                       16
    xprintftiny.o              469        4
    xsprout.o                   14
    ------------------------------------------------
    Total:                   1 688      132       16

    Linker created                       18      256
----------------------------------------------------
    Grand Total:             7 188      971      763


*******************************************************************************
*** ENTRY LIST
***

Entry                    Address   Size  Type      Object
-----                    -------   ----  ----      ------
?b0                     0x000000         Data  Gb  vregs.o [4]
?b1                     0x000001         Data  Gb  vregs.o [4]
?b10                    0x00000a         Data  Gb  vregs.o [4]
?b11                    0x00000b         Data  Gb  vregs.o [4]
?b12                    0x00000c         Data  Gb  vregs.o [4]
?b13                    0x00000d         Data  Gb  vregs.o [4]
?b14                    0x00000e         Data  Gb  vregs.o [4]
?b15                    0x00000f         Data  Gb  vregs.o [4]
?b2                     0x000002         Data  Gb  vregs.o [4]
?b3                     0x000003         Data  Gb  vregs.o [4]
?b4                     0x000004         Data  Gb  vregs.o [4]
?b5                     0x000005         Data  Gb  vregs.o [4]
?b6                     0x000006         Data  Gb  vregs.o [4]
?b7                     0x000007         Data  Gb  vregs.o [4]
?b8                     0x000008         Data  Gb  vregs.o [4]
?b9                     0x000009         Data  Gb  vregs.o [4]
?dc32_l0                0x009a5c         Code  Gb  dc_util.o [4]
?dc32_l1                0x009a69         Code  Gb  dc_util.o [4]
?dc32_px                0x009a76         Code  Gb  dc_util.o [4]
?dc8_px                 0x009a55         Code  Gb  dc_util.o [4]
?e0                     0x000001         Data  Gb  vregs.o [4]
?e1                     0x000005         Data  Gb  vregs.o [4]
?e2                     0x000009         Data  Gb  vregs.o [4]
?e3                     0x00000d         Data  Gb  vregs.o [4]
?epilogue_l2            0x0085ef         Code  Gb  vreg_util.o [4]
?epilogue_l2_l3         0x0085ec         Code  Gb  vreg_util.o [4]
?epilogue_l2_w6         0x0085f3         Code  Gb  vreg_util.o [4]
?epilogue_w4            0x0085fa         Code  Gb  vreg_util.o [4]
?inc32_0x_0x            0x0083d1         Code  Gb  long.o [4]
?inc32_l0_l0            0x0083c7         Code  Gb  long.o [4]
?inc32_l2_l2            0x0083cc         Code  Gb  long.o [4]
?l0                     0x000000         Data  Gb  vregs.o [4]
?l1                     0x000004         Data  Gb  vregs.o [4]
?l2                     0x000008         Data  Gb  vregs.o [4]
?l3                     0x00000c         Data  Gb  vregs.o [4]
?load32_0x_l0           0x0094f8         Code  Gb  long_util.o [4]
?load32_asp_l0          0x0094ec         Code  Gb  long_util.o [4]
?load32_dbsp_l0         0x0094e7         Code  Gb  long_util.o [4]
?load32_l0_0x           0x0094c3         Code  Gb  long_util.o [4]
?load32_l0_asp          0x0094b8         Code  Gb  long_util.o [4]
?load32_l0_dbsp         0x0094b3         Code  Gb  long_util.o [4]
?load32_l0_xsp          0x0094ba         Code  Gb  long_util.o [4]
?load32_l1_0x           0x0094cf         Code  Gb  long_util.o [4]
?load32_l2_0x           0x0094db         Code  Gb  long_util.o [4]
?load32_xsp_l0          0x0094ee         Code  Gb  long_util.o [4]
?mov_e0_e2              0x00862b         Code  Gb  vreg_util.o [4]
?mov_e0_e3              0x008638         Code  Gb  vreg_util.o [4]
?mov_e1_e0              0x008645         Code  Gb  vreg_util.o [4]
?mov_e1_e2              0x008652         Code  Gb  vreg_util.o [4]
?mov_e1_e3              0x00865f         Code  Gb  vreg_util.o [4]
?mov_e2_e0              0x00866c         Code  Gb  vreg_util.o [4]
?mov_e3_e0              0x008679         Code  Gb  vreg_util.o [4]
?mov_l0_l2              0x008628         Code  Gb  vreg_util.o [4]
?mov_l0_l3              0x008635         Code  Gb  vreg_util.o [4]
?mov_l1_l0              0x008642         Code  Gb  vreg_util.o [4]
?mov_l1_l2              0x00864f         Code  Gb  vreg_util.o [4]
?mov_l1_l3              0x00865c         Code  Gb  vreg_util.o [4]
?mov_l2_l0              0x008669         Code  Gb  vreg_util.o [4]
?mov_l3_l0              0x008676         Code  Gb  vreg_util.o [4]
?mov_w0_w2              0x0085fe         Code  Gb  vreg_util.o [4]
?mov_w0_w5              0x008605         Code  Gb  vreg_util.o [4]
?mov_w1_w5              0x00862e         Code  Gb  vreg_util.o [4]
?mov_w1_w7              0x00863b         Code  Gb  vreg_util.o [4]
?mov_w2_w5              0x00860c         Code  Gb  vreg_util.o [4]
?mov_w3_w1              0x008648         Code  Gb  vreg_util.o [4]
?mov_w3_w5              0x008655         Code  Gb  vreg_util.o [4]
?mov_w3_w7              0x008662         Code  Gb  vreg_util.o [4]
?mov_w4_w0              0x008613         Code  Gb  vreg_util.o [4]
?mov_w4_w1              0x00861a         Code  Gb  vreg_util.o [4]
?mov_w5_w0              0x008621         Code  Gb  vreg_util.o [4]
?mov_w5_w1              0x00866f         Code  Gb  vreg_util.o [4]
?mov_w7_w1              0x00867c         Code  Gb  vreg_util.o [4]
?mul16_x_x_w0           0x009729         Code  Gb  short.o [4]
?mul32_l0_l0_0x         0x0083fd         Code  Gb  long.o [4]
?mul32_l0_l0_dl         0x0083fa         Code  Gb  long.o [4]
?mul32_l0_l0_l1         0x008406         Code  Gb  long.o [4]
?pop_l0                 0x0085b8         Code  Gb  vreg_util.o [4]
?pop_l1                 0x0085c3         Code  Gb  vreg_util.o [4]
?pop_l2                 0x0085ce         Code  Gb  vreg_util.o [4]
?pop_l3                 0x0085d9         Code  Gb  vreg_util.o [4]
?pop_w4                 0x00856a         Code  Gb  vreg_util.o [4]
?pop_w5                 0x008571         Code  Gb  vreg_util.o [4]
?pop_w6                 0x008578         Code  Gb  vreg_util.o [4]
?push_l0                0x008587         Code  Gb  vreg_util.o [4]
?push_l1                0x00858c         Code  Gb  vreg_util.o [4]
?push_l2                0x008591         Code  Gb  vreg_util.o [4]
?push_l3                0x008596         Code  Gb  vreg_util.o [4]
?push_w0                0x008539         Code  Gb  vreg_util.o [4]
?push_w1                0x00853e         Code  Gb  vreg_util.o [4]
?push_w2                0x008543         Code  Gb  vreg_util.o [4]
?push_w4                0x008548         Code  Gb  vreg_util.o [4]
?push_w5                0x00854d         Code  Gb  vreg_util.o [4]
?push_w6                0x008552         Code  Gb  vreg_util.o [4]
?sext16_x_a             0x00975b         Code  Gb  short.o [4]
?sext32_l0_x            0x00852e         Code  Gb  long.o [4]
?sll16_x_x_4            0x009751         Code  Gb  short.o [4]
?sll16_x_x_5            0x009750         Code  Gb  short.o [4]
?sll16_x_x_6            0x00974f         Code  Gb  short.o [4]
?sll16_x_x_a            0x009747         Code  Gb  short.o [4]
?sll32_0x_0x_a          0x00850b         Code  Gb  long.o [4]
?sll32_l0_l0_a          0x008508         Code  Gb  long.o [4]
?sll32_l0_l0_db         0x008504         Code  Gb  long.o [4]
?sll8_a_a_5             0x009f20         Code  Gb  char.o [4]
?sll8_a_a_6             0x009f1f         Code  Gb  char.o [4]
?srl16_x_x_4            0x009756         Code  Gb  short.o [4]
?srl32_0x_0x_a          0x008520         Code  Gb  long.o [4]
?srl32_l0_l0_a          0x00851d         Code  Gb  long.o [4]
?srl32_l0_l0_db         0x008519         Code  Gb  long.o [4]
?sub32_l0_l0_0x         0x0083e2         Code  Gb  long.o [4]
?sub32_l0_l0_l1         0x0083df         Code  Gb  long.o [4]
?ucmp32_c_l0_l1         0x0084f9         Code  Gb  long.o [4]
?udiv32_l0_dl_l1        0x008484         Code  Gb  long.o [4]
?udiv32_l0_l0_dl        0x008489         Code  Gb  long.o [4]
?udiv32_l0_l0_l1        0x00848c         Code  Gb  long.o [4]
?umod32_l1_l0_l1        0x00848c         Code  Gb  long.o [4]
?w0                     0x000000         Data  Gb  vregs.o [4]
?w1                     0x000002         Data  Gb  vregs.o [4]
?w2                     0x000004         Data  Gb  vregs.o [4]
?w3                     0x000006         Data  Gb  vregs.o [4]
?w4                     0x000008         Data  Gb  vregs.o [4]
?w5                     0x00000a         Data  Gb  vregs.o [4]
?w6                     0x00000c         Data  Gb  vregs.o [4]
?w7                     0x00000e         Data  Gb  vregs.o [4]
ADC1_Cmd                0x009e78    0xd  Code  Gb  stm8s_adc1.o [1]
ADC1_ConversionConfig   0x00988e   0x2f  Code  Gb  stm8s_adc1.o [1]
ADC1_DeInit             0x00982e   0x31  Code  Gb  stm8s_adc1.o [1]
ADC1_ExternalTriggerConfig
                        0x009b68   0x21  Code  Gb  stm8s_adc1.o [1]
ADC1_GetConversionValue
                        0x00945f   0x54  Code  Gb  stm8s_adc1.o [1]
ADC1_IRQHandler         0x009f9c    0x1  Code  Gb  stm8s_it.o [1]
ADC1_Init               0x009a29   0x2c  Code  Gb  stm8s_adc1.o [1]
ADC1_PrescalerConfig    0x009cf0   0x13  Code  Gb  stm8s_adc1.o [1]
ADC1_SchmittTriggerConfig
                        0x0091c0   0x70  Code  Gb  stm8s_adc1.o [1]
ADC1_StartConversion    0x009f31    0x5  Code  Gb  stm8s_adc1.o [1]
APR_Array               0x009def   0x11  Data  Gb  stm8s_awu.o [1]
AWU_Cmd                 0x009e85    0xd  Code  Gb  stm8s_awu.o [1]
AWU_GetFlagStatus       0x009ec4    0xa  Code  Gb  stm8s_awu.o [1]
AWU_IRQHandler          0x009c88   0x16  Code  Gb  stm8s_it.o [1]
AWU_Init                0x009798   0x33  Code  Gb  stm8s_awu.o [1]
AWU_LSICalibrationConfig
                        0x00929d   0x5d  Code  Gb  stm8s_awu.o [1]
CLK_ClockSwitchConfig   0x008ee1   0xa2  Code  Gb  stm8s_clk.o [1]
CLK_DeInit              0x009762   0x36  Code  Gb  stm8s_clk.o [1]
CLK_FastHaltWakeUpCmd   0x009e92    0xd  Code  Gb  stm8s_clk.o [1]
CLK_GetClockFreq        0x0092fa   0x5d  Code  Gb  stm8s_clk.o [1]
CLK_HSIPrescalerConfig  0x009d03   0x13  Code  Gb  stm8s_clk.o [1]
CLK_IRQHandler          0x009f90    0x1  Code  Gb  stm8s_it.o [1]
CLK_PeripheralClockConfig
                        0x0093b2   0x58  Code  Gb  stm8s_clk.o [1]
CLK_SlowActiveHaltWakeUpCmd
                        0x009e9f    0xd  Code  Gb  stm8s_clk.o [1]
CSTACK$$Base            0x000300          --   Gb  - Linker created -
CSTACK$$Limit           0x000400          --   Gb  - Linker created -
EEPROM_EEC_IRQHandler   0x009f9e    0x1  Code  Gb  stm8s_it.o [1]
EXTI_PORTA_IRQHandler   0x009f91    0x1  Code  Gb  stm8s_it.o [1]
EXTI_PORTB_IRQHandler   0x009f92    0x1  Code  Gb  stm8s_it.o [1]
EXTI_PORTC_IRQHandler   0x009f36    0x5  Code  Gb  stm8s_it.o [1]
EXTI_PORTD_IRQHandler   0x009f93    0x1  Code  Gb  stm8s_it.o [1]
EXTI_PORTE_IRQHandler   0x009f94    0x1  Code  Gb  stm8s_it.o [1]
EXTI_SetExtIntSensitivity
                        0x009230   0x6d  Code  Gb  stm8s_exti.o [1]
FLASH_GetLowPowerMode   0x009f13    0x6  Code  Gb  stm8s_flash.o [1]
FLASH_SetLowPowerMode   0x009d16   0x13  Code  Gb  stm8s_flash.o [1]
GPIO_Init               0x008e33   0xae  Code  Gb  stm8s_gpio.o [1]
GPIO_ReadInputData      0x009f6d    0x3  Code  Gb  stm8s_gpio.o [1]
GPIO_ReadInputPin       0x009f70    0x3  Code  Gb  stm8s_gpio.o [1]
GPIO_WriteHigh          0x009f6a    0x3  Code  Gb  stm8s_gpio.o [1]
GPIO_WriteLow           0x009f4d    0x4  Code  Gb  stm8s_gpio.o [1]
HSIDivFactor            0x009f49    0x4  Data  Gb  stm8s_clk.o [1]
I2C_IRQHandler          0x009f9b    0x1  Code  Gb  stm8s_it.o [1]
ID_TO_PIN               0x00004c    0x3  Data  Lc  sensor.o [1]
INTVEC$$Base            0x008000          --   Gb  - Linker created -
INTVEC$$Limit           0x008080          --   Gb  - Linker created -
LSIMeasurment           0x0090bb   0x88  Code  Lc  awu.o [1]
NEXT_STATE              0x000040    0xc  Data  Lc  main.o [1]
Region$$Table$$Base     0x009b89          --   Gb  - Linker created -
Region$$Table$$Limit    0x009b9b          --   Gb  - Linker created -
SLEEP_PERIODS           0x000010   0x30  Data  Lc  main.o [1]
SPI_IRQHandler          0x009f95    0x1  Code  Gb  stm8s_it.o [1]
TBR_Array               0x009e00   0x11  Data  Gb  stm8s_awu.o [1]
TI1_Config              0x0098bd   0x2e  Code  Lc  stm8s_tim1.o [1]
TI2_Config              0x0098eb   0x2e  Code  Lc  stm8s_tim1.o [1]
TI3_Config              0x009919   0x2e  Code  Lc  stm8s_tim1.o [1]
TI4_Config              0x009947   0x2e  Code  Lc  stm8s_tim1.o [1]
TIM1_ARRPreloadConfig   0x008fb7    0xd  Code  Gb  stm8s_tim1.o [1]
TIM1_CAP_COM_IRQHandler
                        0x009f96    0x1  Code  Gb  stm8s_it.o [1]
TIM1_ClearFlag          0x009e40    0xf  Code  Gb  stm8s_tim1.o [1]
TIM1_ClearITPendingBit  0x009f3b    0x5  Code  Gb  stm8s_tim1.o [1]
TIM1_Cmd                0x008fd7    0xd  Code  Gb  stm8s_tim1.o [1]
TIM1_GetCapture1        0x009a81   0x2b  Code  Gb  stm8s_tim1.o [1]
TIM1_ICInit             0x008fe4   0x3f  Code  Gb  stm8s_tim1.o [1]
TIM1_ITConfig           0x008fc4   0x13  Code  Gb  stm8s_tim1.o [1]
TIM1_SetIC1Prescaler    0x008faa    0xd  Code  Gb  stm8s_tim1.o [1]
TIM1_SetIC2Prescaler    0x008f9d    0xd  Code  Gb  stm8s_tim1.o [1]
TIM1_SetIC3Prescaler    0x008f90    0xd  Code  Gb  stm8s_tim1.o [1]
TIM1_SetIC4Prescaler    0x008f83    0xd  Code  Gb  stm8s_tim1.o [1]
TIM1_TimeBaseInit       0x0099a3   0x2d  Code  Gb  stm8s_tim1.o [1]
TIM1_UPD_OVF_TRG_BRK_IRQHandler
                        0x009553   0x4d  Code  Gb  stm8s_it.o [1]
TIM2_CAP_COM_IRQHandler
                        0x009f98    0x1  Code  Gb  stm8s_it.o [1]
TIM2_UPD_OVF_BRK_IRQHandler
                        0x009f97    0x1  Code  Gb  stm8s_it.o [1]
TIM4_UPD_OVF_IRQHandler
                        0x009f9d    0x1  Code  Gb  stm8s_it.o [1]
TLI_IRQHandler          0x009f8f    0x1  Code  Gb  stm8s_it.o [1]
TRAP_IRQHandler         0x009f8e    0x1  Code  Gb  stm8s_it.o [1]
UART1_Cmd               0x009eac    0xd  Code  Gb  stm8s_uart1.o [1]
UART1_DeInit            0x0099d0   0x2d  Code  Gb  stm8s_uart1.o [1]
UART1_GetFlagStatus     0x0097cb   0x32  Code  Gb  stm8s_uart1.o [1]
UART1_Init              0x008683  0x131  Code  Gb  stm8s_uart1.o [1]
UART1_RX_IRQHandler     0x009f9a    0x1  Code  Gb  stm8s_it.o [1]
UART1_SendData8         0x009f51    0x4  Code  Gb  stm8s_uart1.o [1]
UART1_TX_IRQHandler     0x009f99    0x1  Code  Gb  stm8s_it.o [1]
WWDG_Init               0x009d29   0x13  Code  Gb  stm8s_wwdg.o [1]
WWDG_SetCounter         0x009f19    0x6  Code  Gb  stm8s_wwdg.o [1]
_PrintfTiny             0x00822c  0x19b  Code  Gb  xprintftiny.o [4]
_SProut                 0x009e5d    0xe  Code  Gb  xsprout.o [4]
__DebugBreak            0x009f9f    0x1  Code  Gb  __dbg_break.o [3]
__exit                  0x009cdc   0x14  Code  Gb  __dbg_xxexit.o [3]
__iar_Strstr            0x0095e8   0x48  Code  Gb  strstr.o [4]
__iar_copy_init2        0x009ad6         Code  Gb  init_small.o [4]
__iar_data_init2        0x009c5b   0x17  Code  Gb  init.o [4]
__iar_program_start     0x009d4f         Code  Gb  cstartup.o [4]
__iar_unhandled_exception
                        0x009f7c         Code  Gb  unhandled_exception.o [4]
__iar_zero_init2        0x009b9b         Code  Gb  init_small.o [4]
__intvec                0x008000         Data  Gb  interrupt.o [4]
__low_level_init        0x009f76    0x3  Code  Gb  low_level_init.o [4]
_exit                   0x009f40         Code  Gb  cexit.o [4]
_interrupt_1            0x009f8e         Code  Gb  stm8s_it.o [1]
_interrupt_10           0x009f73         Code  Wk  interrupt.o [4]
_interrupt_11           0x009f73         Code  Wk  interrupt.o [4]
_interrupt_12           0x009f95         Code  Gb  stm8s_it.o [1]
_interrupt_13           0x009553         Code  Gb  stm8s_it.o [1]
_interrupt_14           0x009f96         Code  Gb  stm8s_it.o [1]
_interrupt_15           0x009f97         Code  Gb  stm8s_it.o [1]
_interrupt_16           0x009f98         Code  Gb  stm8s_it.o [1]
_interrupt_17           0x009f73         Code  Wk  interrupt.o [4]
_interrupt_18           0x009f73         Code  Wk  interrupt.o [4]
_interrupt_19           0x009f99         Code  Gb  stm8s_it.o [1]
_interrupt_2            0x009f8f         Code  Gb  stm8s_it.o [1]
_interrupt_20           0x009f9a         Code  Gb  stm8s_it.o [1]
_interrupt_21           0x009f9b         Code  Gb  stm8s_it.o [1]
_interrupt_22           0x009f73         Code  Wk  interrupt.o [4]
_interrupt_23           0x009f73         Code  Wk  interrupt.o [4]
_interrupt_24           0x009f9c         Code  Gb  stm8s_it.o [1]
_interrupt_25           0x009f9d         Code  Gb  stm8s_it.o [1]
_interrupt_26           0x009f9e         Code  Gb  stm8s_it.o [1]
_interrupt_27           0x009f73         Code  Wk  interrupt.o [4]
_interrupt_28           0x009f73         Code  Wk  interrupt.o [4]
_interrupt_29           0x009f73         Code  Wk  interrupt.o [4]
_interrupt_3            0x009c88         Code  Gb  stm8s_it.o [1]
_interrupt_30           0x009f73         Code  Wk  interrupt.o [4]
_interrupt_31           0x009f73         Code  Wk  interrupt.o [4]
_interrupt_4            0x009f90         Code  Gb  stm8s_it.o [1]
_interrupt_5            0x009f91         Code  Gb  stm8s_it.o [1]
_interrupt_6            0x009f92         Code  Gb  stm8s_it.o [1]
_interrupt_7            0x009f36         Code  Gb  stm8s_it.o [1]
_interrupt_8            0x009f93         Code  Gb  stm8s_it.o [1]
_interrupt_9            0x009f94         Code  Gb  stm8s_it.o [1]
at_cmd                  0x008af1   0xe8  Code  Lc  dtu.o [1]
awu_init                0x009d86   0x12  Code  Gb  awu.o [1]
awu_sleep               0x008080  0x1ac  Code  Gb  awu.o [1]
battery_adc_init        0x009aac   0x2a  Code  Gb  battery.o [1]
battery_get_status      0x009e11   0x11  Code  Gb  battery.o [1]
check_exist             0x009bb9   0x1d  Code  Lc  speaker.o [1]
dtu_check_reg           0x009630   0x40  Code  Gb  dtu.o [1]
dtu_close               0x009c72   0x16  Code  Gb  dtu.o [1]
dtu_get_imei            0x00940a   0x55  Code  Gb  dtu.o [1]
dtu_get_ntype           0x0096ec   0x3d  Code  Gb  dtu.o [1]
dtu_get_signal          0x009506   0x4d  Code  Gb  dtu.o [1]
dtu_httppost            0x008d7c   0xb7  Code  Gb  dtu.o [1]
dtu_init                0x0095a0   0x48  Code  Gb  dtu.o [1]
dtu_online              0x009c9e   0x15  Code  Gb  dtu.o [1]
exit                    0x009f79    0x3  Code  Gb  exit.o [4]
live_flag               0x0001f3    0x1  Data  Gb  main.o [1]
main                    0x0088da  0x10f  Code  Gb  main.o [1]
msg_send                0x0087b4  0x126  Code  Gb  msg.o [1]
out                     0x009975   0x2e  Code  Lc  xprintftiny.o [4]
playing                 0x0001f8    0x1  Data  Lc  speaker.o [1]
port_value              0x0001f6    0x1  Data  Lc  sensor.o [1]
port_value_valid        0x0001f7    0x1  Data  Lc  sensor.o [1]
rx_buffer               0x000167   0x64  Data  Lc  dtu.o [1]
sensor_get_change       0x009023   0x98  Code  Gb  sensor.o [1]
sensor_get_status       0x008bd9   0xd9  Code  Gb  sensor.o [1]
sensor_get_value        0x009cb3   0x15  Code  Lc  sensor.o [1]
sensor_init             0x00985f   0x2f  Code  Gb  sensor.o [1]
sensor_interrupt        0x0001f9    0x1  Data  Gb  stm8s_it.o [1]
sensor_set_value        0x009ee0    0x9  Code  Gb  sensor.o [1]
sensor_statuses         0x0001db    0xf  Data  Lc  sensor.o [1]
speaker_alarm           0x0097fd   0x31  Code  Gb  speaker.o [1]
speaker_check_playing   0x0099fd   0x2c  Code  Gb  speaker.o [1]
speaker_close           0x009b22   0x24  Code  Gb  speaker.o [1]
speaker_init            0x009f0d    0x6  Code  Gb  speaker.o [1]
sprintf                 0x0096ae   0x3e  Code  Gb  sprintf.o [4]
start_tick              0x0001ea    0x4  Data  Lc  speaker.o [1]
strcmp                  0x009b46   0x22  Code  Gb  strcmp.o [4]
strlen                  0x009daa   0x12  Code  Gb  strlen.o [4]
strstr                  0x009f67    0x3  Code  Gb  dtu.o [1]
ticks_quarter_second    0x0001ee    0x4  Data  Gb  timer.o [1]
timer_delay             0x009670   0x3e  Code  Gb  timer.o [1]
timer_get_tick          0x009eb9    0xb  Code  Gb  timer.o [1]
timer_init              0x009bd6   0x1d  Code  Gb  timer.o [1]
timer_start             0x009d3c   0x13  Code  Gb  timer.o [1]
uart_getchar            0x009d98   0x12  Code  Gb  uart.o [1]
uart_init               0x009c29   0x1a  Code  Gb  uart.o [1]
uart_send               0x008cb2   0xca  Code  Gb  uart.o [1]
waitfor_response        0x009143   0x7d  Code  Lc  dtu.o [1]


[1] = E:\work\coding\nbalarm\code_lib\Debug\Obj
[2] = command line
[3] = dbgstm8smd.a
[4] = dlstm8smn.a

  7 188 bytes of readonly  code memory
    971 bytes of readonly  data memory
    763 bytes of readwrite data memory

Errors: none
Warnings: none
