###############################################################################
#                                                                             #
# IAR ELF Linker V1.40.1.50106 for STM8                 16/Nov/2019  00:22:03 #
# Copyright 2010-2013 IAR Systems AB.                                         #
#                                                                             #
#    Output file  =  E:\work\coding\nbalarm\code_lib\Debug\Exe\nbalarm.out    #
#    Map file     =  E:\work\coding\nbalarm\code_lib\Debug\List\nbalarm.map   #
#    Command line =  E:\work\coding\nbalarm\code_lib\Debug\Obj\awu.o          #
#                    E:\work\coding\nbalarm\code_lib\Debug\Obj\battery.o      #
#                    E:\work\coding\nbalarm\code_lib\Debug\Obj\dtu.o          #
#                    E:\work\coding\nbalarm\code_lib\Debug\Obj\main.o         #
#                    E:\work\coding\nbalarm\code_lib\Debug\Obj\msg.o          #
#                    E:\work\coding\nbalarm\code_lib\Debug\Obj\sensor.o       #
#                    E:\work\coding\nbalarm\code_lib\Debug\Obj\speaker.o      #
#                    E:\work\coding\nbalarm\code_lib\Debug\Obj\stm8s_adc1.o   #
#                    E:\work\coding\nbalarm\code_lib\Debug\Obj\stm8s_awu.o    #
#                    E:\work\coding\nbalarm\code_lib\Debug\Obj\stm8s_clk.o    #
#                    E:\work\coding\nbalarm\code_lib\Debug\Obj\stm8s_exti.o   #
#                    E:\work\coding\nbalarm\code_lib\Debug\Obj\stm8s_flash.o  #
#                    E:\work\coding\nbalarm\code_lib\Debug\Obj\stm8s_gpio.o   #
#                    E:\work\coding\nbalarm\code_lib\Debug\Obj\stm8s_it.o     #
#                    E:\work\coding\nbalarm\code_lib\Debug\Obj\stm8s_tim1.o   #
#                    E:\work\coding\nbalarm\code_lib\Debug\Obj\stm8s_uart1.o  #
#                    E:\work\coding\nbalarm\code_lib\Debug\Obj\test.o         #
#                    E:\work\coding\nbalarm\code_lib\Debug\Obj\timer.o        #
#                    E:\work\coding\nbalarm\code_lib\Debug\Obj\uart.o         #
#                    --redirect _Printf=_PrintfTiny --redirect                #
#                    _Scanf=_ScanfSmallNoMb -o E:\work\coding\nbalarm\code_li #
#                    b\Debug\Exe\nbalarm.out --map                            #
#                    E:\work\coding\nbalarm\code_lib\Debug\List\nbalarm.map   #
#                    --config "C:\Program Files (x86)\IAR Systems\Embedded    #
#                    Workbench 6.5\stm8\config\lnkstm8s003f3.icf"             #
#                    --config_def _CSTACK_SIZE=0x100 --config_def             #
#                    _HEAP_SIZE=0x100 --entry __iar_program_start --debug_lib #
#                                                                             #
#                                                                             #
###############################################################################

*******************************************************************************
*** RUNTIME MODEL ATTRIBUTES
***

__SystemLibrary            = DLib
__code_model               = small
__core                     = stm8
__data_model               = medium
__dlib_file_descriptor     = 0
__dlib_full_locale_support = 0
__rt_version               = 4


*******************************************************************************
*** PLACEMENT SUMMARY
***

"A1":  place at start of [0x000000-0x0000ff] { rw section .vregs };
"A2":  place at end of [0x000000-0x0003ff] { block CSTACK };
"P2":  place in [from 0x000000 to 0x0003ff] {
          block HEAP, rw section .far.bss, rw section .far.data,
          rw section .far.noinit, rw section .far_func.textrw,
          rw section .huge.bss, rw section .huge.data, rw section .huge.noinit,
          rw section .huge_func.textrw, rw section .iar.dynexit,
          rw section .near.bss, rw section .near.data, rw section .near.noinit,
          rw section .near_func.textrw };
"A3":  place at start of [0x008000-0x009fff] { block INTVEC };
"P3":  place in [from 0x008000 to 0x009fff] {
          ro section .far.data_init, ro section .far_func.textrw_init,
          ro section .huge.data_init, ro section .huge_func.textrw_init,
          ro section .iar.init_table, ro section .init_array,
          ro section .near.data_init, ro section .near.rodata,
          ro section .near_func.text, ro section .near_func.textrw_init,
          ro section .tiny.data_init, ro section .tiny.rodata_init };

  Section            Kind      Address    Size  Object
  -------            ----      -------    ----  ------
"A1":                                     0x10
  .vregs             uninit   0x000000    0x10  vregs.o [4]
                            - 0x000010    0x10

"P2", part 1 of 2:                        0x4a
  P2 s0                       0x000010    0x4a  <Init block>
    .near.data       inited   0x000010    0x34  main.o [1]
    .near.data       inited   0x000044     0xd  main.o [1]
    .near.data       inited   0x000051     0x6  sensor.o [1]
    .near.data       inited   0x000057     0x3  sensor.o [1]
                            - 0x00005a    0x4a

"P2", part 2 of 2:                       0x1ee
  .near.bss          zero     0x00005a   0x15e  msg.o [1]
  .near.bss          zero     0x0001b8    0x64  dtu.o [1]
  .near.bss          zero     0x00021c    0x10  msg.o [1]
  .near.bss          zero     0x00022c     0xf  sensor.o [1]
  .near.bss          zero     0x00023b     0x4  speaker.o [1]
  .near.bss          zero     0x00023f     0x4  timer.o [1]
  .near.bss          zero     0x000243     0x1  awu.o [1]
  .near.bss          zero     0x000244     0x1  msg.o [1]
  .near.bss          zero     0x000245     0x1  msg.o [1]
  .near.bss          zero     0x000246     0x1  speaker.o [1]
  .near.bss          zero     0x000247     0x1  stm8s_it.o [1]
                            - 0x000248   0x1ee

"A2":                                    0x100
  CSTACK                      0x000300   0x100  <Block>
    CSTACK           uninit   0x000300   0x100  <Block tail>
                            - 0x000400   0x100

Absolute sections:                         0x2
  .near.noinit       uninit   0x005230     0x1  uart.o [1]
  .near.noinit       uninit   0x005231     0x1  uart.o [1]
                            - 0x005232     0x2

"A3":                                     0x80
  INTVEC                      0x008000    0x80  <Block>
    .intvec          const    0x008000    0x80  interrupt.o [4]
                            - 0x008080    0x80

"P3":                                   0x1ca2
  .near_func.text    ro code  0x008080   0x19b  xprintftiny.o [4]
  .near_func.text    ro code  0x00821b   0x15d  long.o [4]
  .near_func.text    ro code  0x008378   0x14a  awu.o [1]
  .near_func.text    ro code  0x0084c2   0x13c  vreg_util.o [4]
  .near.rodata       const    0x0085fe   0x138  msg.o [1]
  .near_func.text    ro code  0x008736   0x131  stm8s_uart1.o [1]
  .near_func.text    ro code  0x008867   0x126  msg.o [1]
  .near_func.text    ro code  0x00898d    0xf2  main.o [1]
  .near_func.text    ro code  0x008a7f    0xde  sensor.o [1]
  .near_func.text    ro code  0x008b5d    0xbb  dtu.o [1]
  .near_func.text    ro code  0x008c18    0xb9  dtu.o [1]
  .near_func.text    ro code  0x008cd1    0xb7  dtu.o [1]
  .near_func.text    ro code  0x008d88    0xae  stm8s_gpio.o [1]
  .near_func.text    ro code  0x008e36    0xa0  stm8s_tim1.o [1]
  .near_func.text    ro code  0x008ed6    0x9d  sensor.o [1]
  .near_func.text    ro code  0x008f73    0x88  awu.o [1]
  .near_func.text    ro code  0x008ffb    0x70  stm8s_adc1.o [1]
  .near.rodata       const    0x00906b    0x6d  msg.o [1]
  .near_func.text    ro code  0x0090d8    0x6d  stm8s_exti.o [1]
  .near_func.text    ro code  0x009145    0x5d  stm8s_awu.o [1]
  .near_func.text    ro code  0x0091a2    0x5d  stm8s_clk.o [1]
  .near_func.text    ro code  0x0091ff    0x58  dtu.o [1]
  .near_func.text    ro code  0x009257    0x58  stm8s_clk.o [1]
  .near_func.text    ro code  0x0092af    0x55  dtu.o [1]
  .near_func.text    ro code  0x009304    0x54  stm8s_adc1.o [1]
  .near_func.text    ro code  0x009358    0x53  uart.o [1]
  .near_func.text    ro code  0x0093ab    0x4d  dtu.o [1]
  .near_func.text    ro code  0x0093f8    0x48  strstr.o [4]
  .near_func.text    ro code  0x009440    0x47  long_util.o [4]
  .near_func.text    ro code  0x009487    0x40  dtu.o [1]
  .near_func.text    ro code  0x0094c7    0x3e  sprintf.o [4]
  .near_func.text    ro code  0x009505    0x3d  dtu.o [1]
  .near_func.text    ro code  0x009542    0x39  short.o [4]
  .near_func.text    ro code  0x00957b    0x36  stm8s_clk.o [1]
  .near_func.text    ro code  0x0095b1    0x33  stm8s_awu.o [1]
  .near_func.text    ro code  0x0095e4    0x31  speaker.o [1]
  .near_func.text    ro code  0x009615    0x31  stm8s_adc1.o [1]
  .near_func.text    ro code  0x009646    0x2f  sensor.o [1]
  .near_func.text    ro code  0x009675    0x2f  stm8s_adc1.o [1]
  .near_func.text    ro code  0x0096a4    0x2e  stm8s_tim1.o [1]
  .near_func.text    ro code  0x0096d2    0x2e  stm8s_tim1.o [1]
  .near_func.text    ro code  0x009700    0x2e  stm8s_tim1.o [1]
  .near_func.text    ro code  0x00972e    0x2e  stm8s_tim1.o [1]
  .near_func.text    ro code  0x00975c    0x2e  xprintftiny.o [4]
  .near_func.text    ro code  0x00978a    0x2d  stm8s_tim1.o [1]
  .near_func.text    ro code  0x0097b7    0x2c  speaker.o [1]
  .near_func.text    ro code  0x0097e3    0x2c  stm8s_adc1.o [1]
  .near_func.text    ro code  0x00980f    0x2c  dc_util.o [4]
  .near_func.text    ro code  0x00983b    0x2b  stm8s_tim1.o [1]
  .near_func.text    ro code  0x009866    0x2a  battery.o [1]
  .near_func.text    ro code  0x009890    0x28  init_small.o [4]
  .near_func.text    ro code  0x0098b8    0x27  stm8s_it.o [1]
  .near.rodata       const    0x0098df    0x24  msg.o [1]
  .near_func.text    ro code  0x009903    0x24  speaker.o [1]
  .near_func.text    ro code  0x009927    0x21  stm8s_adc1.o [1]
  .iar.init_table    const    0x009948    0x12  - Linker created -
  .near_func.text    ro code  0x00995a    0x1e  init_small.o [4]
  .near_func.text    ro code  0x009978    0x1d  speaker.o [1]
  .near_func.text    ro code  0x009995    0x1d  timer.o [1]
  .near.rodata       const    0x0099b2    0x1c  msg.o [1]
  .near.rodata       const    0x0099ce    0x1a  dtu.o [1]
  .near.rodata       const    0x0099e8    0x18  dtu.o [1]
  .near_func.text    ro code  0x009a00    0x17  init.o [4]
  .near_func.text    ro code  0x009a17    0x16  stm8s_it.o [1]
  .near_func.text    ro code  0x009a2d    0x15  dtu.o [1]
  .near.rodata       const    0x009a42    0x14  msg.o [1]
  .near_func.text    ro code  0x009a56    0x14  timer.o [1]
  .near_func.text    ro code  0x009a6a    0x14  __dbg_xxexit.o [3]
  .near_func.text    ro code  0x009a7e    0x13  dtu.o [1]
  .near_func.text    ro code  0x009a91    0x13  stm8s_adc1.o [1]
  .near_func.text    ro code  0x009aa4    0x13  stm8s_clk.o [1]
  .near_func.text    ro code  0x009ab7    0x13  stm8s_flash.o [1]
  .near_func.text    ro code  0x009aca    0x13  cstartup.o [4]
  .near.rodata       const    0x009add    0x12  dtu.o [1]
  .near.rodata       const    0x009aef    0x12  dtu.o [1]
  .near_func.text    ro code  0x009b01    0x12  awu.o [1]
  .near_func.text    ro code  0x009b13    0x12  strlen.o [4]
  .near.rodata       const    0x009b25    0x11  dtu.o [1]
  .near.rodata       const    0x009b36    0x11  dtu.o [1]
  .near.rodata       const    0x009b47    0x11  stm8s_awu.o [1]
  .near.rodata       const    0x009b58    0x11  stm8s_awu.o [1]
  .near_func.text    ro code  0x009b69    0x11  battery.o [1]
  .near.rodata       const    0x009b7a     0xf  dtu.o [1]
  .near.rodata       const    0x009b89     0xf  dtu.o [1]
  .near_func.text    ro code  0x009b98     0xf  stm8s_tim1.o [1]
  .near.rodata       const    0x009ba7     0xe  dtu.o [1]
  .near_func.text    ro code  0x009bb5     0xe  uart.o [1]
  .near_func.text    ro code  0x009bc3     0xe  xsprout.o [4]
  .near.rodata       const    0x009bd1     0xd  dtu.o [1]
  .near_func.text    ro code  0x009bde     0xd  stm8s_adc1.o [1]
  .near_func.text    ro code  0x009beb     0xd  stm8s_awu.o [1]
  .near_func.text    ro code  0x009bf8     0xd  stm8s_clk.o [1]
  .near_func.text    ro code  0x009c05     0xd  stm8s_clk.o [1]
  .near_func.text    ro code  0x009c12     0xa  stm8s_awu.o [1]
  .near.rodata       const    0x009c1c     0x9  dtu.o [1]
  .near.rodata       const    0x009c25     0x9  dtu.o [1]
  .near.rodata       const    0x009c2e     0x8  dtu.o [1]
  .near.rodata       const    0x009c36     0x8  dtu.o [1]
  .near.rodata       const    0x009c3e     0x7  dtu.o [1]
  .near.rodata       const    0x009c45     0x7  dtu.o [1]
  .near.rodata       const    0x009c4c     0x6  dtu.o [1]
  .near_func.text    ro code  0x009c52     0x6  speaker.o [1]
  .near_func.text    ro code  0x009c58     0x6  stm8s_flash.o [1]
  .near_func.text    ro code  0x009c5e     0x6  timer.o [1]
  .near_func.text    ro code  0x009c64     0x6  char.o [4]
  .near_func.text    ro code  0x009c6a     0x6  xprintftiny.o [4]
  .near_func.text    ro code  0x009c70     0x6  xprintftiny.o [4]
  .near_func.text    ro code  0x009c76     0x5  stm8s_adc1.o [1]
  .near_func.text    ro code  0x009c7b     0x5  stm8s_it.o [1]
  .near_func.text    ro code  0x009c80     0x5  stm8s_tim1.o [1]
  .near_func.text    ro code  0x009c85     0x5  cexit.o [4]
  .near.rodata       const    0x009c8a     0x4  stm8s_clk.o [1]
  .near_func.text    ro code  0x009c8e     0x4  stm8s_gpio.o [1]
  .near.rodata       const    0x009c92     0x3  dtu.o [1]
  .near.rodata       const    0x009c95     0x3  dtu.o [1]
  .near.rodata       const    0x009c98     0x3  dtu.o [1]
  .near.rodata       const    0x009c9b     0x3  dtu.o [1]
  .near.rodata       const    0x009c9e     0x3  dtu.o [1]
  .near.rodata       const    0x009ca1     0x3  dtu.o [1]
  .near_func.text    ro code  0x009ca4     0x3  dtu.o [1]
  .near_func.text    ro code  0x009ca7     0x3  stm8s_gpio.o [1]
  .near_func.text    ro code  0x009caa     0x3  stm8s_gpio.o [1]
  .near_func.text    ro code  0x009cad     0x3  interrupt.o [4]
  .near_func.text    ro code  0x009cb0     0x3  low_level_init.o [4]
  .near_func.text    ro code  0x009cb3     0x3  exit.o [4]
  .near_func.text    ro code  0x009cb6     0x3  unhandled_exception.o [4]
  .near.rodata       const    0x009cb9     0x2  dtu.o [1]
  .near.rodata       const    0x009cbb     0x2  dtu.o [1]
  .near.rodata       const    0x009cbd     0x2  dtu.o [1]
  .near.rodata       const    0x009cbf     0x2  dtu.o [1]
  .near.rodata       const    0x009cc1     0x2  xprintftiny.o [4]
  .near.rodata       const    0x009cc3     0x2  xprintftiny.o [4]
  .near.rodata       const    0x009cc5     0x1  dtu.o [1]
  .near_func.text    ro code  0x009cc6     0x1  stm8s_it.o [1]
  .near_func.text    ro code  0x009cc7     0x1  stm8s_it.o [1]
  .near_func.text    ro code  0x009cc8     0x1  stm8s_it.o [1]
  .near_func.text    ro code  0x009cc9     0x1  stm8s_it.o [1]
  .near_func.text    ro code  0x009cca     0x1  stm8s_it.o [1]
  .near_func.text    ro code  0x009ccb     0x1  stm8s_it.o [1]
  .near_func.text    ro code  0x009ccc     0x1  stm8s_it.o [1]
  .near_func.text    ro code  0x009ccd     0x1  stm8s_it.o [1]
  .near_func.text    ro code  0x009cce     0x1  stm8s_it.o [1]
  .near_func.text    ro code  0x009ccf     0x1  stm8s_it.o [1]
  .near_func.text    ro code  0x009cd0     0x1  stm8s_it.o [1]
  .near_func.text    ro code  0x009cd1     0x1  stm8s_it.o [1]
  .near_func.text    ro code  0x009cd2     0x1  stm8s_it.o [1]
  .near_func.text    ro code  0x009cd3     0x1  stm8s_it.o [1]
  .near_func.text    ro code  0x009cd4     0x1  stm8s_it.o [1]
  .near_func.text    ro code  0x009cd5     0x1  stm8s_it.o [1]
  .near_func.text    ro code  0x009cd6     0x1  stm8s_it.o [1]
  .near_func.text    ro code  0x009cd7     0x1  __dbg_break.o [3]
  Initializer bytes  ro data  0x009cd8    0x4a  <for P2 s0>
                            - 0x009d22  0x1ca2


*******************************************************************************
*** INIT TABLE
***

          Address   Size
          -------   ----
Zero (__iar_zero_init2)
    1 destination range, total size 0x1ee:
          0x00005a  0x1ee

Copy (__iar_copy_init2)
    1 source range, total size 0x4a:
          0x009cd8   0x4a
    1 destination range, total size 0x4a:
          0x000010   0x4a



*******************************************************************************
*** MODULE SUMMARY
***

    Module                 ro code  ro data  rw data  rw data
                                                       (abs)
    ------                 -------  -------  -------  -------
E:\work\coding\nbalarm\code_lib\Debug\Obj: [1]
    awu.o                      484                 1
    battery.o                   59
    dtu.o                      973      258      100
    main.o                     242       65       65
    msg.o                      294      505      368
    sensor.o                   426        9       24
    speaker.o                  164                 5
    stm8s_adc1.o               406
    stm8s_awu.o                167       34
    stm8s_clk.o                280        4
    stm8s_exti.o               109
    stm8s_flash.o               25
    stm8s_gpio.o               184
    stm8s_it.o                  83                 1
    stm8s_tim1.o               452
    stm8s_uart1.o              305
    timer.o                     55                 4
    uart.o                      97                          2
    ---------------------------------------------------------
    Total:                   4 805      875      568        2

command line: [2]
    ---------------------------------------------------------
    Total:

dbgstm8smd.a: [3]
    __dbg_break.o                1
    __dbg_xxexit.o              20
    ---------------------------------------------------------
    Total:                      21

dlstm8smn.a: [4]
    cexit.o                      5
    char.o                       6
    cstartup.o                  19
    dc_util.o                   44
    exit.o                       3
    init.o                      23
    init_small.o                70
    interrupt.o                  3      128
    long.o                     349
    long_util.o                 71
    low_level_init.o             3
    short.o                     57
    sprintf.o                   62
    strlen.o                    18
    strstr.o                    72
    unhandled_exception.o        3
    vreg_util.o                316
    vregs.o                                       16
    xprintftiny.o              469        4
    xsprout.o                   14
    ---------------------------------------------------------
    Total:                   1 607      132       16

    Linker created                       18      256
-------------------------------------------------------------
    Grand Total:             6 433    1 025      840        2


*******************************************************************************
*** ENTRY LIST
***

Entry                    Address   Size  Type      Object
-----                    -------   ----  ----      ------
?b0                     0x000000         Data  Gb  vregs.o [4]
?b1                     0x000001         Data  Gb  vregs.o [4]
?b10                    0x00000a         Data  Gb  vregs.o [4]
?b11                    0x00000b         Data  Gb  vregs.o [4]
?b12                    0x00000c         Data  Gb  vregs.o [4]
?b13                    0x00000d         Data  Gb  vregs.o [4]
?b14                    0x00000e         Data  Gb  vregs.o [4]
?b15                    0x00000f         Data  Gb  vregs.o [4]
?b2                     0x000002         Data  Gb  vregs.o [4]
?b3                     0x000003         Data  Gb  vregs.o [4]
?b4                     0x000004         Data  Gb  vregs.o [4]
?b5                     0x000005         Data  Gb  vregs.o [4]
?b6                     0x000006         Data  Gb  vregs.o [4]
?b7                     0x000007         Data  Gb  vregs.o [4]
?b8                     0x000008         Data  Gb  vregs.o [4]
?b9                     0x000009         Data  Gb  vregs.o [4]
?dc32_l0                0x009816         Code  Gb  dc_util.o [4]
?dc32_l1                0x009823         Code  Gb  dc_util.o [4]
?dc32_px                0x009830         Code  Gb  dc_util.o [4]
?dc8_px                 0x00980f         Code  Gb  dc_util.o [4]
?e0                     0x000001         Data  Gb  vregs.o [4]
?e1                     0x000005         Data  Gb  vregs.o [4]
?e2                     0x000009         Data  Gb  vregs.o [4]
?e3                     0x00000d         Data  Gb  vregs.o [4]
?epilogue_l2            0x008571         Code  Gb  vreg_util.o [4]
?epilogue_l2_l3         0x00856e         Code  Gb  vreg_util.o [4]
?epilogue_w4            0x008575         Code  Gb  vreg_util.o [4]
?inc32_0x_0x            0x008225         Code  Gb  long.o [4]
?inc32_l0_l0            0x00821b         Code  Gb  long.o [4]
?inc32_l2_l2            0x008220         Code  Gb  long.o [4]
?l0                     0x000000         Data  Gb  vregs.o [4]
?l1                     0x000004         Data  Gb  vregs.o [4]
?l2                     0x000008         Data  Gb  vregs.o [4]
?l3                     0x00000c         Data  Gb  vregs.o [4]
?load32_0x_l0           0x009479         Code  Gb  long_util.o [4]
?load32_asp_l0          0x00946d         Code  Gb  long_util.o [4]
?load32_dbsp_l0         0x009468         Code  Gb  long_util.o [4]
?load32_l0_0x           0x009450         Code  Gb  long_util.o [4]
?load32_l0_asp          0x009445         Code  Gb  long_util.o [4]
?load32_l0_dbsp         0x009440         Code  Gb  long_util.o [4]
?load32_l0_xsp          0x009447         Code  Gb  long_util.o [4]
?load32_l1_0x           0x00945c         Code  Gb  long_util.o [4]
?load32_xsp_l0          0x00946f         Code  Gb  long_util.o [4]
?mov_e0_e2              0x0085a6         Code  Gb  vreg_util.o [4]
?mov_e0_e3              0x0085b3         Code  Gb  vreg_util.o [4]
?mov_e1_e0              0x0085c0         Code  Gb  vreg_util.o [4]
?mov_e1_e2              0x0085cd         Code  Gb  vreg_util.o [4]
?mov_e1_e3              0x0085da         Code  Gb  vreg_util.o [4]
?mov_e2_e0              0x0085e7         Code  Gb  vreg_util.o [4]
?mov_e3_e0              0x0085f4         Code  Gb  vreg_util.o [4]
?mov_l0_l2              0x0085a3         Code  Gb  vreg_util.o [4]
?mov_l0_l3              0x0085b0         Code  Gb  vreg_util.o [4]
?mov_l1_l0              0x0085bd         Code  Gb  vreg_util.o [4]
?mov_l1_l2              0x0085ca         Code  Gb  vreg_util.o [4]
?mov_l1_l3              0x0085d7         Code  Gb  vreg_util.o [4]
?mov_l2_l0              0x0085e4         Code  Gb  vreg_util.o [4]
?mov_l3_l0              0x0085f1         Code  Gb  vreg_util.o [4]
?mov_w0_w2              0x008579         Code  Gb  vreg_util.o [4]
?mov_w0_w5              0x008580         Code  Gb  vreg_util.o [4]
?mov_w1_w5              0x0085a9         Code  Gb  vreg_util.o [4]
?mov_w1_w7              0x0085b6         Code  Gb  vreg_util.o [4]
?mov_w2_w5              0x008587         Code  Gb  vreg_util.o [4]
?mov_w3_w1              0x0085c3         Code  Gb  vreg_util.o [4]
?mov_w3_w5              0x0085d0         Code  Gb  vreg_util.o [4]
?mov_w3_w7              0x0085dd         Code  Gb  vreg_util.o [4]
?mov_w4_w0              0x00858e         Code  Gb  vreg_util.o [4]
?mov_w4_w1              0x008595         Code  Gb  vreg_util.o [4]
?mov_w5_w0              0x00859c         Code  Gb  vreg_util.o [4]
?mov_w5_w1              0x0085ea         Code  Gb  vreg_util.o [4]
?mov_w7_w1              0x0085f7         Code  Gb  vreg_util.o [4]
?mul16_x_x_w0           0x009542         Code  Gb  short.o [4]
?mul32_l0_l0_0x         0x008251         Code  Gb  long.o [4]
?mul32_l0_l0_dl         0x00824e         Code  Gb  long.o [4]
?mul32_l0_l0_l1         0x00825a         Code  Gb  long.o [4]
?pop_l0                 0x00853a         Code  Gb  vreg_util.o [4]
?pop_l1                 0x008545         Code  Gb  vreg_util.o [4]
?pop_l2                 0x008550         Code  Gb  vreg_util.o [4]
?pop_l3                 0x00855b         Code  Gb  vreg_util.o [4]
?pop_w4                 0x0084f3         Code  Gb  vreg_util.o [4]
?pop_w5                 0x0084fa         Code  Gb  vreg_util.o [4]
?push_l0                0x008509         Code  Gb  vreg_util.o [4]
?push_l1                0x00850e         Code  Gb  vreg_util.o [4]
?push_l2                0x008513         Code  Gb  vreg_util.o [4]
?push_l3                0x008518         Code  Gb  vreg_util.o [4]
?push_w0                0x0084c2         Code  Gb  vreg_util.o [4]
?push_w1                0x0084c7         Code  Gb  vreg_util.o [4]
?push_w2                0x0084cc         Code  Gb  vreg_util.o [4]
?push_w4                0x0084d1         Code  Gb  vreg_util.o [4]
?push_w5                0x0084d6         Code  Gb  vreg_util.o [4]
?push_w6                0x0084db         Code  Gb  vreg_util.o [4]
?sext16_x_a             0x009574         Code  Gb  short.o [4]
?sext32_l0_x            0x00836d         Code  Gb  long.o [4]
?sll16_x_x_4            0x00956a         Code  Gb  short.o [4]
?sll16_x_x_5            0x009569         Code  Gb  short.o [4]
?sll16_x_x_6            0x009568         Code  Gb  short.o [4]
?sll16_x_x_a            0x009560         Code  Gb  short.o [4]
?sll32_0x_0x_a          0x00835f         Code  Gb  long.o [4]
?sll32_l0_l0_a          0x00835c         Code  Gb  long.o [4]
?sll32_l0_l0_db         0x008358         Code  Gb  long.o [4]
?sll8_a_a_5             0x009c65         Code  Gb  char.o [4]
?sll8_a_a_6             0x009c64         Code  Gb  char.o [4]
?srl16_x_x_4            0x00956f         Code  Gb  short.o [4]
?sub32_l0_l0_0x         0x008236         Code  Gb  long.o [4]
?sub32_l0_l0_l1         0x008233         Code  Gb  long.o [4]
?ucmp32_c_l0_l1         0x00834d         Code  Gb  long.o [4]
?udiv32_l0_dl_l1        0x0082d8         Code  Gb  long.o [4]
?udiv32_l0_l0_dl        0x0082dd         Code  Gb  long.o [4]
?udiv32_l0_l0_l1        0x0082e0         Code  Gb  long.o [4]
?umod32_l1_l0_l1        0x0082e0         Code  Gb  long.o [4]
?w0                     0x000000         Data  Gb  vregs.o [4]
?w1                     0x000002         Data  Gb  vregs.o [4]
?w2                     0x000004         Data  Gb  vregs.o [4]
?w3                     0x000006         Data  Gb  vregs.o [4]
?w4                     0x000008         Data  Gb  vregs.o [4]
?w5                     0x00000a         Data  Gb  vregs.o [4]
?w6                     0x00000c         Data  Gb  vregs.o [4]
?w7                     0x00000e         Data  Gb  vregs.o [4]
ADC1_Cmd                0x009bde    0xd  Code  Gb  stm8s_adc1.o [1]
ADC1_ConversionConfig   0x009675   0x2f  Code  Gb  stm8s_adc1.o [1]
ADC1_DeInit             0x009615   0x31  Code  Gb  stm8s_adc1.o [1]
ADC1_ExternalTriggerConfig
                        0x009927   0x21  Code  Gb  stm8s_adc1.o [1]
ADC1_GetConversionValue
                        0x009304   0x54  Code  Gb  stm8s_adc1.o [1]
ADC1_IRQHandler         0x009cd4    0x1  Code  Gb  stm8s_it.o [1]
ADC1_Init               0x0097e3   0x2c  Code  Gb  stm8s_adc1.o [1]
ADC1_PrescalerConfig    0x009a91   0x13  Code  Gb  stm8s_adc1.o [1]
ADC1_SchmittTriggerConfig
                        0x008ffb   0x70  Code  Gb  stm8s_adc1.o [1]
ADC1_StartConversion    0x009c76    0x5  Code  Gb  stm8s_adc1.o [1]
APR_Array               0x009b47   0x11  Data  Gb  stm8s_awu.o [1]
AWU_Cmd                 0x009beb    0xd  Code  Gb  stm8s_awu.o [1]
AWU_GetFlagStatus       0x009c12    0xa  Code  Gb  stm8s_awu.o [1]
AWU_IRQHandler          0x009a17   0x16  Code  Gb  stm8s_it.o [1]
AWU_Init                0x0095b1   0x33  Code  Gb  stm8s_awu.o [1]
AWU_LSICalibrationConfig
                        0x009145   0x5d  Code  Gb  stm8s_awu.o [1]
CLK_DeInit              0x00957b   0x36  Code  Gb  stm8s_clk.o [1]
CLK_FastHaltWakeUpCmd   0x009bf8    0xd  Code  Gb  stm8s_clk.o [1]
CLK_GetClockFreq        0x0091a2   0x5d  Code  Gb  stm8s_clk.o [1]
CLK_HSIPrescalerConfig  0x009aa4   0x13  Code  Gb  stm8s_clk.o [1]
CLK_IRQHandler          0x009cc8    0x1  Code  Gb  stm8s_it.o [1]
CLK_PeripheralClockConfig
                        0x009257   0x58  Code  Gb  stm8s_clk.o [1]
CLK_SlowActiveHaltWakeUpCmd
                        0x009c05    0xd  Code  Gb  stm8s_clk.o [1]
CSTACK$$Base            0x000300          --   Gb  - Linker created -
CSTACK$$Limit           0x000400          --   Gb  - Linker created -
EEPROM_EEC_IRQHandler   0x009cd6    0x1  Code  Gb  stm8s_it.o [1]
EXTI_PORTA_IRQHandler   0x009cc9    0x1  Code  Gb  stm8s_it.o [1]
EXTI_PORTB_IRQHandler   0x009cca    0x1  Code  Gb  stm8s_it.o [1]
EXTI_PORTC_IRQHandler   0x009c7b    0x5  Code  Gb  stm8s_it.o [1]
EXTI_PORTD_IRQHandler   0x009ccb    0x1  Code  Gb  stm8s_it.o [1]
EXTI_PORTE_IRQHandler   0x009ccc    0x1  Code  Gb  stm8s_it.o [1]
EXTI_SetExtIntSensitivity
                        0x0090d8   0x6d  Code  Gb  stm8s_exti.o [1]
FLASH_GetLowPowerMode   0x009c58    0x6  Code  Gb  stm8s_flash.o [1]
FLASH_SetLowPowerMode   0x009ab7   0x13  Code  Gb  stm8s_flash.o [1]
GPIO_Init               0x008d88   0xae  Code  Gb  stm8s_gpio.o [1]
GPIO_ReadInputPin       0x009caa    0x3  Code  Gb  stm8s_gpio.o [1]
GPIO_WriteHigh          0x009ca7    0x3  Code  Gb  stm8s_gpio.o [1]
GPIO_WriteLow           0x009c8e    0x4  Code  Gb  stm8s_gpio.o [1]
HSIDivFactor            0x009c8a    0x4  Data  Gb  stm8s_clk.o [1]
I2C_IRQHandler          0x009cd3    0x1  Code  Gb  stm8s_it.o [1]
ID_TO_PIN               0x000057    0x3  Data  Lc  sensor.o [1]
ID_TO_PORT              0x000051    0x6  Data  Lc  sensor.o [1]
INTVEC$$Base            0x008000          --   Gb  - Linker created -
INTVEC$$Limit           0x008080          --   Gb  - Linker created -
LSIMeasurment           0x008f73   0x88  Code  Lc  awu.o [1]
NEXT_STATE              0x000044    0xd  Data  Lc  main.o [1]
Region$$Table$$Base     0x009948          --   Gb  - Linker created -
Region$$Table$$Limit    0x00995a          --   Gb  - Linker created -
SLEEP_PERIODS           0x000010   0x34  Data  Lc  main.o [1]
SPI_IRQHandler          0x009ccd    0x1  Code  Gb  stm8s_it.o [1]
TBR_Array               0x009b58   0x11  Data  Gb  stm8s_awu.o [1]
TI1_Config              0x0096a4   0x2e  Code  Lc  stm8s_tim1.o [1]
TI2_Config              0x0096d2   0x2e  Code  Lc  stm8s_tim1.o [1]
TI3_Config              0x009700   0x2e  Code  Lc  stm8s_tim1.o [1]
TI4_Config              0x00972e   0x2e  Code  Lc  stm8s_tim1.o [1]
TIM1_ARRPreloadConfig   0x008e6a    0xd  Code  Gb  stm8s_tim1.o [1]
TIM1_CAP_COM_IRQHandler
                        0x009cce    0x1  Code  Gb  stm8s_it.o [1]
TIM1_ClearFlag          0x009b98    0xf  Code  Gb  stm8s_tim1.o [1]
TIM1_ClearITPendingBit  0x009c80    0x5  Code  Gb  stm8s_tim1.o [1]
TIM1_Cmd                0x008e8a    0xd  Code  Gb  stm8s_tim1.o [1]
TIM1_GetCapture1        0x00983b   0x2b  Code  Gb  stm8s_tim1.o [1]
TIM1_ICInit             0x008e97   0x3f  Code  Gb  stm8s_tim1.o [1]
TIM1_ITConfig           0x008e77   0x13  Code  Gb  stm8s_tim1.o [1]
TIM1_SetIC1Prescaler    0x008e5d    0xd  Code  Gb  stm8s_tim1.o [1]
TIM1_SetIC2Prescaler    0x008e50    0xd  Code  Gb  stm8s_tim1.o [1]
TIM1_SetIC3Prescaler    0x008e43    0xd  Code  Gb  stm8s_tim1.o [1]
TIM1_SetIC4Prescaler    0x008e36    0xd  Code  Gb  stm8s_tim1.o [1]
TIM1_TimeBaseInit       0x00978a   0x2d  Code  Gb  stm8s_tim1.o [1]
TIM1_UPD_OVF_TRG_BRK_IRQHandler
                        0x0098b8   0x27  Code  Gb  stm8s_it.o [1]
TIM2_CAP_COM_IRQHandler
                        0x009cd0    0x1  Code  Gb  stm8s_it.o [1]
TIM2_UPD_OVF_BRK_IRQHandler
                        0x009ccf    0x1  Code  Gb  stm8s_it.o [1]
TIM4_UPD_OVF_IRQHandler
                        0x009cd5    0x1  Code  Gb  stm8s_it.o [1]
TLI_IRQHandler          0x009cc7    0x1  Code  Gb  stm8s_it.o [1]
TRAP_IRQHandler         0x009cc6    0x1  Code  Gb  stm8s_it.o [1]
UART1_DR                0x005231    0x1  Data  Gb  uart.o [1]
UART1_Init              0x008736  0x131  Code  Gb  stm8s_uart1.o [1]
UART1_RX_IRQHandler     0x009cd2    0x1  Code  Gb  stm8s_it.o [1]
UART1_TX_IRQHandler     0x009cd1    0x1  Code  Gb  stm8s_it.o [1]
_A_UART1_SR             0x005230    0x1  Data  Gb  uart.o [1]
_PrintfTiny             0x008080  0x19b  Code  Gb  xprintftiny.o [4]
_SProut                 0x009bc3    0xe  Code  Gb  xsprout.o [4]
__DebugBreak            0x009cd7    0x1  Code  Gb  __dbg_break.o [3]
__exit                  0x009a6a   0x14  Code  Gb  __dbg_xxexit.o [3]
__iar_Strstr            0x0093f8   0x48  Code  Gb  strstr.o [4]
__iar_copy_init2        0x009890         Code  Gb  init_small.o [4]
__iar_data_init2        0x009a00   0x17  Code  Gb  init.o [4]
__iar_program_start     0x009aca         Code  Gb  cstartup.o [4]
__iar_unhandled_exception
                        0x009cb6         Code  Gb  unhandled_exception.o [4]
__iar_zero_init2        0x00995a         Code  Gb  init_small.o [4]
__intvec                0x008000         Data  Gb  interrupt.o [4]
__low_level_init        0x009cb0    0x3  Code  Gb  low_level_init.o [4]
_exit                   0x009c85         Code  Gb  cexit.o [4]
_interrupt_1            0x009cc6         Code  Gb  stm8s_it.o [1]
_interrupt_10           0x009cad         Code  Wk  interrupt.o [4]
_interrupt_11           0x009cad         Code  Wk  interrupt.o [4]
_interrupt_12           0x009ccd         Code  Gb  stm8s_it.o [1]
_interrupt_13           0x0098b8         Code  Gb  stm8s_it.o [1]
_interrupt_14           0x009cce         Code  Gb  stm8s_it.o [1]
_interrupt_15           0x009ccf         Code  Gb  stm8s_it.o [1]
_interrupt_16           0x009cd0         Code  Gb  stm8s_it.o [1]
_interrupt_17           0x009cad         Code  Wk  interrupt.o [4]
_interrupt_18           0x009cad         Code  Wk  interrupt.o [4]
_interrupt_19           0x009cd1         Code  Gb  stm8s_it.o [1]
_interrupt_2            0x009cc7         Code  Gb  stm8s_it.o [1]
_interrupt_20           0x009cd2         Code  Gb  stm8s_it.o [1]
_interrupt_21           0x009cd3         Code  Gb  stm8s_it.o [1]
_interrupt_22           0x009cad         Code  Wk  interrupt.o [4]
_interrupt_23           0x009cad         Code  Wk  interrupt.o [4]
_interrupt_24           0x009cd4         Code  Gb  stm8s_it.o [1]
_interrupt_25           0x009cd5         Code  Gb  stm8s_it.o [1]
_interrupt_26           0x009cd6         Code  Gb  stm8s_it.o [1]
_interrupt_27           0x009cad         Code  Wk  interrupt.o [4]
_interrupt_28           0x009cad         Code  Wk  interrupt.o [4]
_interrupt_29           0x009cad         Code  Wk  interrupt.o [4]
_interrupt_3            0x009a17         Code  Gb  stm8s_it.o [1]
_interrupt_30           0x009cad         Code  Wk  interrupt.o [4]
_interrupt_31           0x009cad         Code  Wk  interrupt.o [4]
_interrupt_4            0x009cc8         Code  Gb  stm8s_it.o [1]
_interrupt_5            0x009cc9         Code  Gb  stm8s_it.o [1]
_interrupt_6            0x009cca         Code  Gb  stm8s_it.o [1]
_interrupt_7            0x009c7b         Code  Gb  stm8s_it.o [1]
_interrupt_8            0x009ccb         Code  Gb  stm8s_it.o [1]
_interrupt_9            0x009ccc         Code  Gb  stm8s_it.o [1]
at_cmd                  0x008b5d   0xbb  Code  Lc  dtu.o [1]
awu_init                0x009b01   0x12  Code  Gb  awu.o [1]
awu_sleep               0x008378  0x14a  Code  Gb  awu.o [1]
battery_adc_init        0x009866   0x2a  Code  Gb  battery.o [1]
battery_get_status      0x009b69   0x11  Code  Gb  battery.o [1]
check_exist             0x009978   0x1d  Code  Lc  speaker.o [1]
dtu_check_reg           0x009487   0x40  Code  Gb  dtu.o [1]
dtu_close               0x009a7e   0x13  Code  Gb  dtu.o [1]
dtu_get_imei            0x0092af   0x55  Code  Gb  dtu.o [1]
dtu_get_ntype           0x009505   0x3d  Code  Gb  dtu.o [1]
dtu_get_signal          0x0093ab   0x4d  Code  Gb  dtu.o [1]
dtu_httppost            0x008c18   0xb9  Code  Gb  dtu.o [1]
dtu_init                0x0091ff   0x58  Code  Gb  dtu.o [1]
dtu_online              0x009a2d   0x15  Code  Gb  dtu.o [1]
exit                    0x009cb3    0x3  Code  Gb  exit.o [4]
ext_pc_flag             0x000247    0x1  Data  Gb  stm8s_it.o [1]
main                    0x00898d   0xf2  Code  Gb  main.o [1]
msg_send                0x008867  0x126  Code  Gb  msg.o [1]
out                     0x00975c   0x2e  Code  Lc  xprintftiny.o [4]
playing                 0x000246    0x1  Data  Lc  speaker.o [1]
rx_buffer               0x0001b8   0x64  Data  Lc  dtu.o [1]
sensor_get_change       0x008ed6   0x9d  Code  Gb  sensor.o [1]
sensor_get_status       0x008a7f   0xde  Code  Gb  sensor.o [1]
sensor_init             0x009646   0x2f  Code  Gb  sensor.o [1]
sensor_statuses         0x00022c    0xf  Data  Lc  sensor.o [1]
speaker_alarm           0x0095e4   0x31  Code  Gb  speaker.o [1]
speaker_check_playing   0x0097b7   0x2c  Code  Gb  speaker.o [1]
speaker_close           0x009903   0x24  Code  Gb  speaker.o [1]
speaker_init            0x009c52    0x6  Code  Gb  speaker.o [1]
sprintf                 0x0094c7   0x3e  Code  Gb  sprintf.o [4]
start_tick              0x00023b    0x4  Data  Lc  speaker.o [1]
strlen                  0x009b13   0x12  Code  Gb  strlen.o [4]
strstr                  0x009ca4    0x3  Code  Gb  dtu.o [1]
ticks_second            0x00023f    0x4  Data  Gb  timer.o [1]
timer_get_tick          0x009c5e    0x6  Code  Gb  timer.o [1]
timer_init              0x009995   0x1d  Code  Gb  timer.o [1]
timer_start             0x009a56   0x14  Code  Gb  timer.o [1]
uart_getchar            0x009bb5    0xe  Code  Gb  uart.o [1]
uart_send               0x009358   0x53  Code  Gb  uart.o [1]
waitfor_response        0x008cd1   0xb7  Code  Lc  dtu.o [1]


[1] = E:\work\coding\nbalarm\code_lib\Debug\Obj
[2] = command line
[3] = dbgstm8smd.a
[4] = dlstm8smn.a

  6 433 bytes of readonly  code memory
  1 025 bytes of readonly  data memory
    840 bytes of readwrite data memory (+ 2 absolute)

Errors: none
Warnings: none
